<!doctype html public "-//w3c//dtd html 4.0 transitional//en">
<html><head>
<title>Static Call Graph - [.\master\STM32-master.axf]</title></head>
<body><HR>
<H1>Static Call Graph for image .\master\STM32-master.axf</H1><HR>
<BR><P>#&#060CALLGRAPH&#062# ARM Linker, 5.03 [Build 24]: Last Updated: Sun May 12 09:12:00 2013
<BR><P>
<H3>Maximum Stack Usage =        128 bytes + Unknown(Cycles, Untraceable Function Pointers)</H3><H3>
Call chain for Maximum Stack Depth:</H3>
main &rArr; StateMachine &rArr; BoardInit &rArr; Uart0Init &rArr; USART_Init &rArr; RCC_GetClocksFreq
<P>
<H3>
Mutually Recursive functions
</H3> <LI><a href="#[1]">NMI_Handler</a>&nbsp;&nbsp;&nbsp;&rArr;&nbsp;&nbsp;&nbsp;<a href="#[1]">NMI_Handler</a><BR>
 <LI><a href="#[2]">HardFault_Handler</a>&nbsp;&nbsp;&nbsp;&rArr;&nbsp;&nbsp;&nbsp;<a href="#[2]">HardFault_Handler</a><BR>
 <LI><a href="#[3]">MemManage_Handler</a>&nbsp;&nbsp;&nbsp;&rArr;&nbsp;&nbsp;&nbsp;<a href="#[3]">MemManage_Handler</a><BR>
 <LI><a href="#[4]">BusFault_Handler</a>&nbsp;&nbsp;&nbsp;&rArr;&nbsp;&nbsp;&nbsp;<a href="#[4]">BusFault_Handler</a><BR>
 <LI><a href="#[5]">UsageFault_Handler</a>&nbsp;&nbsp;&nbsp;&rArr;&nbsp;&nbsp;&nbsp;<a href="#[5]">UsageFault_Handler</a><BR>
 <LI><a href="#[6]">SVC_Handler</a>&nbsp;&nbsp;&nbsp;&rArr;&nbsp;&nbsp;&nbsp;<a href="#[6]">SVC_Handler</a><BR>
 <LI><a href="#[7]">DebugMon_Handler</a>&nbsp;&nbsp;&nbsp;&rArr;&nbsp;&nbsp;&nbsp;<a href="#[7]">DebugMon_Handler</a><BR>
 <LI><a href="#[8]">PendSV_Handler</a>&nbsp;&nbsp;&nbsp;&rArr;&nbsp;&nbsp;&nbsp;<a href="#[8]">PendSV_Handler</a><BR>
 <LI><a href="#[9]">SysTick_Handler</a>&nbsp;&nbsp;&nbsp;&rArr;&nbsp;&nbsp;&nbsp;<a href="#[9]">SysTick_Handler</a><BR>
 <LI><a href="#[1c]">ADC1_2_IRQHandler</a>&nbsp;&nbsp;&nbsp;&rArr;&nbsp;&nbsp;&nbsp;<a href="#[1c]">ADC1_2_IRQHandler</a><BR>
 <LI><a href="#[9a]">UsartPut</a>&nbsp;&nbsp;&nbsp;&rArr;&nbsp;&nbsp;&nbsp;<a href="#[9a]">UsartPut</a><BR>
</UL>
<P>
<H3>
Function Pointers
</H3><UL>
 <LI><a href="#[1c]">ADC1_2_IRQHandler</a> from startup_stm32f10x_md.o(.text) referenced from startup_stm32f10x_md.o(RESET)
 <LI><a href="#[4]">BusFault_Handler</a> from startup_stm32f10x_md.o(.text) referenced from startup_stm32f10x_md.o(RESET)
 <LI><a href="#[1f]">CAN1_RX1_IRQHandler</a> from startup_stm32f10x_md.o(.text) referenced from startup_stm32f10x_md.o(RESET)
 <LI><a href="#[20]">CAN1_SCE_IRQHandler</a> from startup_stm32f10x_md.o(.text) referenced from startup_stm32f10x_md.o(RESET)
 <LI><a href="#[15]">DMA1_Channel1_IRQHandler</a> from startup_stm32f10x_md.o(.text) referenced from startup_stm32f10x_md.o(RESET)
 <LI><a href="#[16]">DMA1_Channel2_IRQHandler</a> from startup_stm32f10x_md.o(.text) referenced from startup_stm32f10x_md.o(RESET)
 <LI><a href="#[17]">DMA1_Channel3_IRQHandler</a> from startup_stm32f10x_md.o(.text) referenced from startup_stm32f10x_md.o(RESET)
 <LI><a href="#[18]">DMA1_Channel4_IRQHandler</a> from startup_stm32f10x_md.o(.text) referenced from startup_stm32f10x_md.o(RESET)
 <LI><a href="#[19]">DMA1_Channel5_IRQHandler</a> from startup_stm32f10x_md.o(.text) referenced from startup_stm32f10x_md.o(RESET)
 <LI><a href="#[1a]">DMA1_Channel6_IRQHandler</a> from startup_stm32f10x_md.o(.text) referenced from startup_stm32f10x_md.o(RESET)
 <LI><a href="#[1b]">DMA1_Channel7_IRQHandler</a> from startup_stm32f10x_md.o(.text) referenced from startup_stm32f10x_md.o(RESET)
 <LI><a href="#[7]">DebugMon_Handler</a> from startup_stm32f10x_md.o(.text) referenced from startup_stm32f10x_md.o(RESET)
 <LI><a href="#[10]">EXTI0_IRQHandler</a> from startup_stm32f10x_md.o(.text) referenced from startup_stm32f10x_md.o(RESET)
 <LI><a href="#[32]">EXTI15_10_IRQHandler</a> from startup_stm32f10x_md.o(.text) referenced from startup_stm32f10x_md.o(RESET)
 <LI><a href="#[11]">EXTI1_IRQHandler</a> from startup_stm32f10x_md.o(.text) referenced from startup_stm32f10x_md.o(RESET)
 <LI><a href="#[12]">EXTI2_IRQHandler</a> from startup_stm32f10x_md.o(.text) referenced from startup_stm32f10x_md.o(RESET)
 <LI><a href="#[13]">EXTI3_IRQHandler</a> from ezmacpro_externalint.o(i.EXTI3_IRQHandler) referenced from startup_stm32f10x_md.o(RESET)
 <LI><a href="#[14]">EXTI4_IRQHandler</a> from startup_stm32f10x_md.o(.text) referenced from startup_stm32f10x_md.o(RESET)
 <LI><a href="#[21]">EXTI9_5_IRQHandler</a> from startup_stm32f10x_md.o(.text) referenced from startup_stm32f10x_md.o(RESET)
 <LI><a href="#[e]">FLASH_IRQHandler</a> from startup_stm32f10x_md.o(.text) referenced from startup_stm32f10x_md.o(RESET)
 <LI><a href="#[2]">HardFault_Handler</a> from startup_stm32f10x_md.o(.text) referenced from startup_stm32f10x_md.o(RESET)
 <LI><a href="#[2a]">I2C1_ER_IRQHandler</a> from startup_stm32f10x_md.o(.text) referenced from startup_stm32f10x_md.o(RESET)
 <LI><a href="#[29]">I2C1_EV_IRQHandler</a> from startup_stm32f10x_md.o(.text) referenced from startup_stm32f10x_md.o(RESET)
 <LI><a href="#[2c]">I2C2_ER_IRQHandler</a> from startup_stm32f10x_md.o(.text) referenced from startup_stm32f10x_md.o(RESET)
 <LI><a href="#[2b]">I2C2_EV_IRQHandler</a> from startup_stm32f10x_md.o(.text) referenced from startup_stm32f10x_md.o(RESET)
 <LI><a href="#[3]">MemManage_Handler</a> from startup_stm32f10x_md.o(.text) referenced from startup_stm32f10x_md.o(RESET)
 <LI><a href="#[1]">NMI_Handler</a> from startup_stm32f10x_md.o(.text) referenced from startup_stm32f10x_md.o(RESET)
 <LI><a href="#[b]">PVD_IRQHandler</a> from startup_stm32f10x_md.o(.text) referenced from startup_stm32f10x_md.o(RESET)
 <LI><a href="#[8]">PendSV_Handler</a> from startup_stm32f10x_md.o(.text) referenced from startup_stm32f10x_md.o(RESET)
 <LI><a href="#[f]">RCC_IRQHandler</a> from startup_stm32f10x_md.o(.text) referenced from startup_stm32f10x_md.o(RESET)
 <LI><a href="#[33]">RTCAlarm_IRQHandler</a> from startup_stm32f10x_md.o(.text) referenced from startup_stm32f10x_md.o(RESET)
 <LI><a href="#[d]">RTC_IRQHandler</a> from startup_stm32f10x_md.o(.text) referenced from startup_stm32f10x_md.o(RESET)
 <LI><a href="#[0]">Reset_Handler</a> from startup_stm32f10x_md.o(.text) referenced from startup_stm32f10x_md.o(RESET)
 <LI><a href="#[2d]">SPI1_IRQHandler</a> from startup_stm32f10x_md.o(.text) referenced from startup_stm32f10x_md.o(RESET)
 <LI><a href="#[2e]">SPI2_IRQHandler</a> from startup_stm32f10x_md.o(.text) referenced from startup_stm32f10x_md.o(RESET)
 <LI><a href="#[6]">SVC_Handler</a> from startup_stm32f10x_md.o(.text) referenced from startup_stm32f10x_md.o(RESET)
 <LI><a href="#[9]">SysTick_Handler</a> from startup_stm32f10x_md.o(.text) referenced from startup_stm32f10x_md.o(RESET)
 <LI><a href="#[36]">SystemInit</a> from system_stm32f10x.o(i.SystemInit) referenced from startup_stm32f10x_md.o(.text)
 <LI><a href="#[c]">TAMPER_IRQHandler</a> from startup_stm32f10x_md.o(.text) referenced from startup_stm32f10x_md.o(RESET)
 <LI><a href="#[22]">TIM1_BRK_IRQHandler</a> from startup_stm32f10x_md.o(.text) referenced from startup_stm32f10x_md.o(RESET)
 <LI><a href="#[25]">TIM1_CC_IRQHandler</a> from startup_stm32f10x_md.o(.text) referenced from startup_stm32f10x_md.o(RESET)
 <LI><a href="#[24]">TIM1_TRG_COM_IRQHandler</a> from startup_stm32f10x_md.o(.text) referenced from startup_stm32f10x_md.o(RESET)
 <LI><a href="#[23]">TIM1_UP_IRQHandler</a> from startup_stm32f10x_md.o(.text) referenced from startup_stm32f10x_md.o(RESET)
 <LI><a href="#[26]">TIM2_IRQHandler</a> from startup_stm32f10x_md.o(.text) referenced from startup_stm32f10x_md.o(RESET)
 <LI><a href="#[27]">TIM3_IRQHandler</a> from ezmacpro_timerint.o(i.TIM3_IRQHandler) referenced from startup_stm32f10x_md.o(RESET)
 <LI><a href="#[28]">TIM4_IRQHandler</a> from startup_stm32f10x_md.o(.text) referenced from startup_stm32f10x_md.o(RESET)
 <LI><a href="#[2f]">USART1_IRQHandler</a> from bsp.o(i.USART1_IRQHandler) referenced from startup_stm32f10x_md.o(RESET)
 <LI><a href="#[30]">USART2_IRQHandler</a> from startup_stm32f10x_md.o(.text) referenced from startup_stm32f10x_md.o(RESET)
 <LI><a href="#[31]">USART3_IRQHandler</a> from startup_stm32f10x_md.o(.text) referenced from startup_stm32f10x_md.o(RESET)
 <LI><a href="#[34]">USBWakeUp_IRQHandler</a> from startup_stm32f10x_md.o(.text) referenced from startup_stm32f10x_md.o(RESET)
 <LI><a href="#[1d]">USB_HP_CAN1_TX_IRQHandler</a> from startup_stm32f10x_md.o(.text) referenced from startup_stm32f10x_md.o(RESET)
 <LI><a href="#[1e]">USB_LP_CAN1_RX0_IRQHandler</a> from startup_stm32f10x_md.o(.text) referenced from startup_stm32f10x_md.o(RESET)
 <LI><a href="#[5]">UsageFault_Handler</a> from startup_stm32f10x_md.o(.text) referenced from startup_stm32f10x_md.o(RESET)
 <LI><a href="#[a]">WWDG_IRQHandler</a> from startup_stm32f10x_md.o(.text) referenced from startup_stm32f10x_md.o(RESET)
 <LI><a href="#[37]">__main</a> from entry.o(.ARM.Collect$$$$00000000) referenced from startup_stm32f10x_md.o(.text)
 <LI><a href="#[39]">_sputc</a> from printf6.o(i._sputc) referenced from printf6.o(i.__0sprintf$6)
 <LI><a href="#[38]">fputc</a> from bsp.o(i.fputc) referenced from printf6.o(i.__0printf$6)
 <LI><a href="#[35]">main</a> from main.o(i.main) referenced from entry9a.o(.ARM.Collect$$$$0000000B)
</UL>
<P>
<H3>
Global Symbols
</H3>
<P><STRONG><a name="[37]"></a>__main</STRONG> (Thumb, 0 bytes, Stack size unknown bytes, entry.o(.ARM.Collect$$$$00000000))
<BR>[Address Reference Count : 1]<UL><LI> startup_stm32f10x_md.o(.text)
</UL>
<P><STRONG><a name="[ba]"></a>_main_stk</STRONG> (Thumb, 0 bytes, Stack size unknown bytes, entry2.o(.ARM.Collect$$$$00000001))

<P><STRONG><a name="[3a]"></a>_main_scatterload</STRONG> (Thumb, 0 bytes, Stack size unknown bytes, entry5.o(.ARM.Collect$$$$00000004))
<BR><BR>[Calls]<UL><LI><a href="#[3b]">&gt;&gt;</a>&nbsp;&nbsp;&nbsp;__scatterload
</UL>

<P><STRONG><a name="[3f]"></a>__main_after_scatterload</STRONG> (Thumb, 0 bytes, Stack size unknown bytes, entry5.o(.ARM.Collect$$$$00000004))
<BR><BR>[Called By]<UL><LI><a href="#[3b]">&gt;&gt;</a>&nbsp;&nbsp;&nbsp;__scatterload
</UL>

<P><STRONG><a name="[bb]"></a>_main_clock</STRONG> (Thumb, 0 bytes, Stack size unknown bytes, entry7b.o(.ARM.Collect$$$$00000008))

<P><STRONG><a name="[bc]"></a>_main_cpp_init</STRONG> (Thumb, 0 bytes, Stack size unknown bytes, entry8b.o(.ARM.Collect$$$$0000000A))

<P><STRONG><a name="[bd]"></a>_main_init</STRONG> (Thumb, 0 bytes, Stack size unknown bytes, entry9a.o(.ARM.Collect$$$$0000000B))

<P><STRONG><a name="[be]"></a>__rt_final_cpp</STRONG> (Thumb, 0 bytes, Stack size unknown bytes, entry10a.o(.ARM.Collect$$$$0000000D))

<P><STRONG><a name="[bf]"></a>__rt_final_exit</STRONG> (Thumb, 0 bytes, Stack size unknown bytes, entry11a.o(.ARM.Collect$$$$0000000F))

<P><STRONG><a name="[0]"></a>Reset_Handler</STRONG> (Thumb, 8 bytes, Stack size 0 bytes, startup_stm32f10x_md.o(.text))
<BR>[Address Reference Count : 1]<UL><LI> startup_stm32f10x_md.o(RESET)
</UL>
<P><STRONG><a name="[1]"></a>NMI_Handler</STRONG> (Thumb, 2 bytes, Stack size 0 bytes, startup_stm32f10x_md.o(.text))
<BR><BR>[Calls]<UL><LI><a href="#[1]">&gt;&gt;</a>&nbsp;&nbsp;&nbsp;NMI_Handler
</UL>
<BR>[Called By]<UL><LI><a href="#[1]">&gt;&gt;</a>&nbsp;&nbsp;&nbsp;NMI_Handler
</UL>
<BR>[Address Reference Count : 1]<UL><LI> startup_stm32f10x_md.o(RESET)
</UL>
<P><STRONG><a name="[2]"></a>HardFault_Handler</STRONG> (Thumb, 2 bytes, Stack size 0 bytes, startup_stm32f10x_md.o(.text))
<BR><BR>[Calls]<UL><LI><a href="#[2]">&gt;&gt;</a>&nbsp;&nbsp;&nbsp;HardFault_Handler
</UL>
<BR>[Called By]<UL><LI><a href="#[2]">&gt;&gt;</a>&nbsp;&nbsp;&nbsp;HardFault_Handler
</UL>
<BR>[Address Reference Count : 1]<UL><LI> startup_stm32f10x_md.o(RESET)
</UL>
<P><STRONG><a name="[3]"></a>MemManage_Handler</STRONG> (Thumb, 2 bytes, Stack size 0 bytes, startup_stm32f10x_md.o(.text))
<BR><BR>[Calls]<UL><LI><a href="#[3]">&gt;&gt;</a>&nbsp;&nbsp;&nbsp;MemManage_Handler
</UL>
<BR>[Called By]<UL><LI><a href="#[3]">&gt;&gt;</a>&nbsp;&nbsp;&nbsp;MemManage_Handler
</UL>
<BR>[Address Reference Count : 1]<UL><LI> startup_stm32f10x_md.o(RESET)
</UL>
<P><STRONG><a name="[4]"></a>BusFault_Handler</STRONG> (Thumb, 2 bytes, Stack size 0 bytes, startup_stm32f10x_md.o(.text))
<BR><BR>[Calls]<UL><LI><a href="#[4]">&gt;&gt;</a>&nbsp;&nbsp;&nbsp;BusFault_Handler
</UL>
<BR>[Called By]<UL><LI><a href="#[4]">&gt;&gt;</a>&nbsp;&nbsp;&nbsp;BusFault_Handler
</UL>
<BR>[Address Reference Count : 1]<UL><LI> startup_stm32f10x_md.o(RESET)
</UL>
<P><STRONG><a name="[5]"></a>UsageFault_Handler</STRONG> (Thumb, 2 bytes, Stack size 0 bytes, startup_stm32f10x_md.o(.text))
<BR><BR>[Calls]<UL><LI><a href="#[5]">&gt;&gt;</a>&nbsp;&nbsp;&nbsp;UsageFault_Handler
</UL>
<BR>[Called By]<UL><LI><a href="#[5]">&gt;&gt;</a>&nbsp;&nbsp;&nbsp;UsageFault_Handler
</UL>
<BR>[Address Reference Count : 1]<UL><LI> startup_stm32f10x_md.o(RESET)
</UL>
<P><STRONG><a name="[6]"></a>SVC_Handler</STRONG> (Thumb, 2 bytes, Stack size 0 bytes, startup_stm32f10x_md.o(.text))
<BR><BR>[Calls]<UL><LI><a href="#[6]">&gt;&gt;</a>&nbsp;&nbsp;&nbsp;SVC_Handler
</UL>
<BR>[Called By]<UL><LI><a href="#[6]">&gt;&gt;</a>&nbsp;&nbsp;&nbsp;SVC_Handler
</UL>
<BR>[Address Reference Count : 1]<UL><LI> startup_stm32f10x_md.o(RESET)
</UL>
<P><STRONG><a name="[7]"></a>DebugMon_Handler</STRONG> (Thumb, 2 bytes, Stack size 0 bytes, startup_stm32f10x_md.o(.text))
<BR><BR>[Calls]<UL><LI><a href="#[7]">&gt;&gt;</a>&nbsp;&nbsp;&nbsp;DebugMon_Handler
</UL>
<BR>[Called By]<UL><LI><a href="#[7]">&gt;&gt;</a>&nbsp;&nbsp;&nbsp;DebugMon_Handler
</UL>
<BR>[Address Reference Count : 1]<UL><LI> startup_stm32f10x_md.o(RESET)
</UL>
<P><STRONG><a name="[8]"></a>PendSV_Handler</STRONG> (Thumb, 2 bytes, Stack size 0 bytes, startup_stm32f10x_md.o(.text))
<BR><BR>[Calls]<UL><LI><a href="#[8]">&gt;&gt;</a>&nbsp;&nbsp;&nbsp;PendSV_Handler
</UL>
<BR>[Called By]<UL><LI><a href="#[8]">&gt;&gt;</a>&nbsp;&nbsp;&nbsp;PendSV_Handler
</UL>
<BR>[Address Reference Count : 1]<UL><LI> startup_stm32f10x_md.o(RESET)
</UL>
<P><STRONG><a name="[9]"></a>SysTick_Handler</STRONG> (Thumb, 2 bytes, Stack size 0 bytes, startup_stm32f10x_md.o(.text))
<BR><BR>[Calls]<UL><LI><a href="#[9]">&gt;&gt;</a>&nbsp;&nbsp;&nbsp;SysTick_Handler
</UL>
<BR>[Called By]<UL><LI><a href="#[9]">&gt;&gt;</a>&nbsp;&nbsp;&nbsp;SysTick_Handler
</UL>
<BR>[Address Reference Count : 1]<UL><LI> startup_stm32f10x_md.o(RESET)
</UL>
<P><STRONG><a name="[1c]"></a>ADC1_2_IRQHandler</STRONG> (Thumb, 0 bytes, Stack size 0 bytes, startup_stm32f10x_md.o(.text))
<BR><BR>[Calls]<UL><LI><a href="#[1c]">&gt;&gt;</a>&nbsp;&nbsp;&nbsp;ADC1_2_IRQHandler
</UL>
<BR>[Called By]<UL><LI><a href="#[1c]">&gt;&gt;</a>&nbsp;&nbsp;&nbsp;ADC1_2_IRQHandler
</UL>
<BR>[Address Reference Count : 1]<UL><LI> startup_stm32f10x_md.o(RESET)
</UL>
<P><STRONG><a name="[1f]"></a>CAN1_RX1_IRQHandler</STRONG> (Thumb, 0 bytes, Stack size 0 bytes, startup_stm32f10x_md.o(.text))
<BR>[Address Reference Count : 1]<UL><LI> startup_stm32f10x_md.o(RESET)
</UL>
<P><STRONG><a name="[20]"></a>CAN1_SCE_IRQHandler</STRONG> (Thumb, 0 bytes, Stack size 0 bytes, startup_stm32f10x_md.o(.text))
<BR>[Address Reference Count : 1]<UL><LI> startup_stm32f10x_md.o(RESET)
</UL>
<P><STRONG><a name="[15]"></a>DMA1_Channel1_IRQHandler</STRONG> (Thumb, 0 bytes, Stack size 0 bytes, startup_stm32f10x_md.o(.text))
<BR>[Address Reference Count : 1]<UL><LI> startup_stm32f10x_md.o(RESET)
</UL>
<P><STRONG><a name="[16]"></a>DMA1_Channel2_IRQHandler</STRONG> (Thumb, 0 bytes, Stack size 0 bytes, startup_stm32f10x_md.o(.text))
<BR>[Address Reference Count : 1]<UL><LI> startup_stm32f10x_md.o(RESET)
</UL>
<P><STRONG><a name="[17]"></a>DMA1_Channel3_IRQHandler</STRONG> (Thumb, 0 bytes, Stack size 0 bytes, startup_stm32f10x_md.o(.text))
<BR>[Address Reference Count : 1]<UL><LI> startup_stm32f10x_md.o(RESET)
</UL>
<P><STRONG><a name="[18]"></a>DMA1_Channel4_IRQHandler</STRONG> (Thumb, 0 bytes, Stack size 0 bytes, startup_stm32f10x_md.o(.text))
<BR>[Address Reference Count : 1]<UL><LI> startup_stm32f10x_md.o(RESET)
</UL>
<P><STRONG><a name="[19]"></a>DMA1_Channel5_IRQHandler</STRONG> (Thumb, 0 bytes, Stack size 0 bytes, startup_stm32f10x_md.o(.text))
<BR>[Address Reference Count : 1]<UL><LI> startup_stm32f10x_md.o(RESET)
</UL>
<P><STRONG><a name="[1a]"></a>DMA1_Channel6_IRQHandler</STRONG> (Thumb, 0 bytes, Stack size 0 bytes, startup_stm32f10x_md.o(.text))
<BR>[Address Reference Count : 1]<UL><LI> startup_stm32f10x_md.o(RESET)
</UL>
<P><STRONG><a name="[1b]"></a>DMA1_Channel7_IRQHandler</STRONG> (Thumb, 0 bytes, Stack size 0 bytes, startup_stm32f10x_md.o(.text))
<BR>[Address Reference Count : 1]<UL><LI> startup_stm32f10x_md.o(RESET)
</UL>
<P><STRONG><a name="[10]"></a>EXTI0_IRQHandler</STRONG> (Thumb, 0 bytes, Stack size 0 bytes, startup_stm32f10x_md.o(.text))
<BR>[Address Reference Count : 1]<UL><LI> startup_stm32f10x_md.o(RESET)
</UL>
<P><STRONG><a name="[32]"></a>EXTI15_10_IRQHandler</STRONG> (Thumb, 0 bytes, Stack size 0 bytes, startup_stm32f10x_md.o(.text))
<BR>[Address Reference Count : 1]<UL><LI> startup_stm32f10x_md.o(RESET)
</UL>
<P><STRONG><a name="[11]"></a>EXTI1_IRQHandler</STRONG> (Thumb, 0 bytes, Stack size 0 bytes, startup_stm32f10x_md.o(.text))
<BR>[Address Reference Count : 1]<UL><LI> startup_stm32f10x_md.o(RESET)
</UL>
<P><STRONG><a name="[12]"></a>EXTI2_IRQHandler</STRONG> (Thumb, 0 bytes, Stack size 0 bytes, startup_stm32f10x_md.o(.text))
<BR>[Address Reference Count : 1]<UL><LI> startup_stm32f10x_md.o(RESET)
</UL>
<P><STRONG><a name="[14]"></a>EXTI4_IRQHandler</STRONG> (Thumb, 0 bytes, Stack size 0 bytes, startup_stm32f10x_md.o(.text))
<BR>[Address Reference Count : 1]<UL><LI> startup_stm32f10x_md.o(RESET)
</UL>
<P><STRONG><a name="[21]"></a>EXTI9_5_IRQHandler</STRONG> (Thumb, 0 bytes, Stack size 0 bytes, startup_stm32f10x_md.o(.text))
<BR>[Address Reference Count : 1]<UL><LI> startup_stm32f10x_md.o(RESET)
</UL>
<P><STRONG><a name="[e]"></a>FLASH_IRQHandler</STRONG> (Thumb, 0 bytes, Stack size 0 bytes, startup_stm32f10x_md.o(.text))
<BR>[Address Reference Count : 1]<UL><LI> startup_stm32f10x_md.o(RESET)
</UL>
<P><STRONG><a name="[2a]"></a>I2C1_ER_IRQHandler</STRONG> (Thumb, 0 bytes, Stack size 0 bytes, startup_stm32f10x_md.o(.text))
<BR>[Address Reference Count : 1]<UL><LI> startup_stm32f10x_md.o(RESET)
</UL>
<P><STRONG><a name="[29]"></a>I2C1_EV_IRQHandler</STRONG> (Thumb, 0 bytes, Stack size 0 bytes, startup_stm32f10x_md.o(.text))
<BR>[Address Reference Count : 1]<UL><LI> startup_stm32f10x_md.o(RESET)
</UL>
<P><STRONG><a name="[2c]"></a>I2C2_ER_IRQHandler</STRONG> (Thumb, 0 bytes, Stack size 0 bytes, startup_stm32f10x_md.o(.text))
<BR>[Address Reference Count : 1]<UL><LI> startup_stm32f10x_md.o(RESET)
</UL>
<P><STRONG><a name="[2b]"></a>I2C2_EV_IRQHandler</STRONG> (Thumb, 0 bytes, Stack size 0 bytes, startup_stm32f10x_md.o(.text))
<BR>[Address Reference Count : 1]<UL><LI> startup_stm32f10x_md.o(RESET)
</UL>
<P><STRONG><a name="[b]"></a>PVD_IRQHandler</STRONG> (Thumb, 0 bytes, Stack size 0 bytes, startup_stm32f10x_md.o(.text))
<BR>[Address Reference Count : 1]<UL><LI> startup_stm32f10x_md.o(RESET)
</UL>
<P><STRONG><a name="[f]"></a>RCC_IRQHandler</STRONG> (Thumb, 0 bytes, Stack size 0 bytes, startup_stm32f10x_md.o(.text))
<BR>[Address Reference Count : 1]<UL><LI> startup_stm32f10x_md.o(RESET)
</UL>
<P><STRONG><a name="[33]"></a>RTCAlarm_IRQHandler</STRONG> (Thumb, 0 bytes, Stack size 0 bytes, startup_stm32f10x_md.o(.text))
<BR>[Address Reference Count : 1]<UL><LI> startup_stm32f10x_md.o(RESET)
</UL>
<P><STRONG><a name="[d]"></a>RTC_IRQHandler</STRONG> (Thumb, 0 bytes, Stack size 0 bytes, startup_stm32f10x_md.o(.text))
<BR>[Address Reference Count : 1]<UL><LI> startup_stm32f10x_md.o(RESET)
</UL>
<P><STRONG><a name="[2d]"></a>SPI1_IRQHandler</STRONG> (Thumb, 0 bytes, Stack size 0 bytes, startup_stm32f10x_md.o(.text))
<BR>[Address Reference Count : 1]<UL><LI> startup_stm32f10x_md.o(RESET)
</UL>
<P><STRONG><a name="[2e]"></a>SPI2_IRQHandler</STRONG> (Thumb, 0 bytes, Stack size 0 bytes, startup_stm32f10x_md.o(.text))
<BR>[Address Reference Count : 1]<UL><LI> startup_stm32f10x_md.o(RESET)
</UL>
<P><STRONG><a name="[c]"></a>TAMPER_IRQHandler</STRONG> (Thumb, 0 bytes, Stack size 0 bytes, startup_stm32f10x_md.o(.text))
<BR>[Address Reference Count : 1]<UL><LI> startup_stm32f10x_md.o(RESET)
</UL>
<P><STRONG><a name="[22]"></a>TIM1_BRK_IRQHandler</STRONG> (Thumb, 0 bytes, Stack size 0 bytes, startup_stm32f10x_md.o(.text))
<BR>[Address Reference Count : 1]<UL><LI> startup_stm32f10x_md.o(RESET)
</UL>
<P><STRONG><a name="[25]"></a>TIM1_CC_IRQHandler</STRONG> (Thumb, 0 bytes, Stack size 0 bytes, startup_stm32f10x_md.o(.text))
<BR>[Address Reference Count : 1]<UL><LI> startup_stm32f10x_md.o(RESET)
</UL>
<P><STRONG><a name="[24]"></a>TIM1_TRG_COM_IRQHandler</STRONG> (Thumb, 0 bytes, Stack size 0 bytes, startup_stm32f10x_md.o(.text))
<BR>[Address Reference Count : 1]<UL><LI> startup_stm32f10x_md.o(RESET)
</UL>
<P><STRONG><a name="[23]"></a>TIM1_UP_IRQHandler</STRONG> (Thumb, 0 bytes, Stack size 0 bytes, startup_stm32f10x_md.o(.text))
<BR>[Address Reference Count : 1]<UL><LI> startup_stm32f10x_md.o(RESET)
</UL>
<P><STRONG><a name="[26]"></a>TIM2_IRQHandler</STRONG> (Thumb, 0 bytes, Stack size 0 bytes, startup_stm32f10x_md.o(.text))
<BR>[Address Reference Count : 1]<UL><LI> startup_stm32f10x_md.o(RESET)
</UL>
<P><STRONG><a name="[28]"></a>TIM4_IRQHandler</STRONG> (Thumb, 0 bytes, Stack size 0 bytes, startup_stm32f10x_md.o(.text))
<BR>[Address Reference Count : 1]<UL><LI> startup_stm32f10x_md.o(RESET)
</UL>
<P><STRONG><a name="[30]"></a>USART2_IRQHandler</STRONG> (Thumb, 0 bytes, Stack size 0 bytes, startup_stm32f10x_md.o(.text))
<BR>[Address Reference Count : 1]<UL><LI> startup_stm32f10x_md.o(RESET)
</UL>
<P><STRONG><a name="[31]"></a>USART3_IRQHandler</STRONG> (Thumb, 0 bytes, Stack size 0 bytes, startup_stm32f10x_md.o(.text))
<BR>[Address Reference Count : 1]<UL><LI> startup_stm32f10x_md.o(RESET)
</UL>
<P><STRONG><a name="[34]"></a>USBWakeUp_IRQHandler</STRONG> (Thumb, 0 bytes, Stack size 0 bytes, startup_stm32f10x_md.o(.text))
<BR>[Address Reference Count : 1]<UL><LI> startup_stm32f10x_md.o(RESET)
</UL>
<P><STRONG><a name="[1d]"></a>USB_HP_CAN1_TX_IRQHandler</STRONG> (Thumb, 0 bytes, Stack size 0 bytes, startup_stm32f10x_md.o(.text))
<BR>[Address Reference Count : 1]<UL><LI> startup_stm32f10x_md.o(RESET)
</UL>
<P><STRONG><a name="[1e]"></a>USB_LP_CAN1_RX0_IRQHandler</STRONG> (Thumb, 0 bytes, Stack size 0 bytes, startup_stm32f10x_md.o(.text))
<BR>[Address Reference Count : 1]<UL><LI> startup_stm32f10x_md.o(RESET)
</UL>
<P><STRONG><a name="[a]"></a>WWDG_IRQHandler</STRONG> (Thumb, 0 bytes, Stack size 0 bytes, startup_stm32f10x_md.o(.text))
<BR>[Address Reference Count : 1]<UL><LI> startup_stm32f10x_md.o(RESET)
</UL>
<P><STRONG><a name="[3d]"></a>__aeabi_memset</STRONG> (Thumb, 14 bytes, Stack size 0 bytes, memseta.o(.text))
<BR><BR>[Called By]<UL><LI><a href="#[3e]">&gt;&gt;</a>&nbsp;&nbsp;&nbsp;_memset$wrapper
<LI><a href="#[3c]">&gt;&gt;</a>&nbsp;&nbsp;&nbsp;__aeabi_memclr
</UL>

<P><STRONG><a name="[c0]"></a>__aeabi_memset4</STRONG> (Thumb, 0 bytes, Stack size 0 bytes, memseta.o(.text), UNUSED)

<P><STRONG><a name="[c1]"></a>__aeabi_memset8</STRONG> (Thumb, 0 bytes, Stack size 0 bytes, memseta.o(.text), UNUSED)

<P><STRONG><a name="[3c]"></a>__aeabi_memclr</STRONG> (Thumb, 4 bytes, Stack size 0 bytes, memseta.o(.text))
<BR><BR>[Calls]<UL><LI><a href="#[3d]">&gt;&gt;</a>&nbsp;&nbsp;&nbsp;__aeabi_memset
</UL>
<BR>[Called By]<UL><LI><a href="#[4f]">&gt;&gt;</a>&nbsp;&nbsp;&nbsp;Uart0Init
</UL>

<P><STRONG><a name="[c2]"></a>__aeabi_memclr4</STRONG> (Thumb, 0 bytes, Stack size 0 bytes, memseta.o(.text), UNUSED)

<P><STRONG><a name="[c3]"></a>__aeabi_memclr8</STRONG> (Thumb, 0 bytes, Stack size 0 bytes, memseta.o(.text), UNUSED)

<P><STRONG><a name="[3e]"></a>_memset$wrapper</STRONG> (Thumb, 18 bytes, Stack size 8 bytes, memseta.o(.text), UNUSED)
<BR><BR>[Calls]<UL><LI><a href="#[3d]">&gt;&gt;</a>&nbsp;&nbsp;&nbsp;__aeabi_memset
</UL>

<P><STRONG><a name="[7f]"></a>memcmp</STRONG> (Thumb, 26 bytes, Stack size 12 bytes, memcmp.o(.text))
<BR><BR>[Stack]<UL><LI>Max Depth = 12<LI>Call Chain = memcmp
</UL>
<BR>[Called By]<UL><LI><a href="#[83]">&gt;&gt;</a>&nbsp;&nbsp;&nbsp;MasterNodeStatusUpdate
<LI><a href="#[7c]">&gt;&gt;</a>&nbsp;&nbsp;&nbsp;MasterNodeAssociate
</UL>

<P><STRONG><a name="[c4]"></a>__aeabi_uidiv</STRONG> (Thumb, 0 bytes, Stack size 12 bytes, uidiv.o(.text), UNUSED)

<P><STRONG><a name="[9f]"></a>__aeabi_uidivmod</STRONG> (Thumb, 44 bytes, Stack size 12 bytes, uidiv.o(.text), UNUSED)
<BR><BR>[Called By]<UL><LI><a href="#[9c]">&gt;&gt;</a>&nbsp;&nbsp;&nbsp;_printf_core
</UL>

<P><STRONG><a name="[3b]"></a>__scatterload</STRONG> (Thumb, 28 bytes, Stack size 0 bytes, init.o(.text))
<BR><BR>[Calls]<UL><LI><a href="#[3f]">&gt;&gt;</a>&nbsp;&nbsp;&nbsp;__main_after_scatterload
</UL>
<BR>[Called By]<UL><LI><a href="#[3a]">&gt;&gt;</a>&nbsp;&nbsp;&nbsp;_main_scatterload
</UL>

<P><STRONG><a name="[c5]"></a>__scatterload_rt2</STRONG> (Thumb, 0 bytes, Stack size 0 bytes, init.o(.text), UNUSED)

<P><STRONG><a name="[40]"></a>BoardInit</STRONG> (Thumb, 338 bytes, Stack size 48 bytes, bsp.o(i.BoardInit))
<BR><BR>[Stack]<UL><LI>Max Depth = 120<LI>Call Chain = BoardInit &rArr; Uart0Init &rArr; USART_Init &rArr; RCC_GetClocksFreq
</UL>
<BR>[Calls]<UL><LI><a href="#[48]">&gt;&gt;</a>&nbsp;&nbsp;&nbsp;Timer2BusyWait_ms
<LI><a href="#[44]">&gt;&gt;</a>&nbsp;&nbsp;&nbsp;pinLow
<LI><a href="#[47]">&gt;&gt;</a>&nbsp;&nbsp;&nbsp;pinHigh
<LI><a href="#[49]">&gt;&gt;</a>&nbsp;&nbsp;&nbsp;SPI_Init
<LI><a href="#[4a]">&gt;&gt;</a>&nbsp;&nbsp;&nbsp;SPI_Cmd
<LI><a href="#[41]">&gt;&gt;</a>&nbsp;&nbsp;&nbsp;RCC_APB2PeriphClockCmd
<LI><a href="#[43]">&gt;&gt;</a>&nbsp;&nbsp;&nbsp;RCC_APB1PeriphClockCmd
<LI><a href="#[4d]">&gt;&gt;</a>&nbsp;&nbsp;&nbsp;NVIC_PriorityGroupConfig
<LI><a href="#[4e]">&gt;&gt;</a>&nbsp;&nbsp;&nbsp;NVIC_Init
<LI><a href="#[4b]">&gt;&gt;</a>&nbsp;&nbsp;&nbsp;GPIO_EXTILineConfig
<LI><a href="#[4c]">&gt;&gt;</a>&nbsp;&nbsp;&nbsp;EXTI_Init
<LI><a href="#[42]">&gt;&gt;</a>&nbsp;&nbsp;&nbsp;DBGMCU_Config
<LI><a href="#[45]">&gt;&gt;</a>&nbsp;&nbsp;&nbsp;pinMode
<LI><a href="#[4f]">&gt;&gt;</a>&nbsp;&nbsp;&nbsp;Uart0Init
<LI><a href="#[46]">&gt;&gt;</a>&nbsp;&nbsp;&nbsp;TimerInit
</UL>
<BR>[Called By]<UL><LI><a href="#[87]">&gt;&gt;</a>&nbsp;&nbsp;&nbsp;StateMachine
</UL>

<P><STRONG><a name="[42]"></a>DBGMCU_Config</STRONG> (Thumb, 22 bytes, Stack size 0 bytes, stm32f10x_dbgmcu.o(i.DBGMCU_Config))
<BR><BR>[Called By]<UL><LI><a href="#[40]">&gt;&gt;</a>&nbsp;&nbsp;&nbsp;BoardInit
</UL>

<P><STRONG><a name="[13]"></a>EXTI3_IRQHandler</STRONG> (Thumb, 110 bytes, Stack size 16 bytes, ezmacpro_externalint.o(i.EXTI3_IRQHandler))
<BR><BR>[Stack]<UL><LI>Max Depth = 116<LI>Call Chain = EXTI3_IRQHandler &rArr; extIntRX_StateMachine &rArr; EZMacPRO_AckSending &rArr; EZMacPRO_Ack_Write &rArr; macSpiWriteReg &rArr; macSpiWriteReadReg &rArr; spiWriteReadReg
</UL>
<BR>[Calls]<UL><LI><a href="#[50]">&gt;&gt;</a>&nbsp;&nbsp;&nbsp;extIntSpiReadReg
<LI><a href="#[52]">&gt;&gt;</a>&nbsp;&nbsp;&nbsp;extIntWakeUp
<LI><a href="#[51]">&gt;&gt;</a>&nbsp;&nbsp;&nbsp;extIntTX_StateMachine
<LI><a href="#[53]">&gt;&gt;</a>&nbsp;&nbsp;&nbsp;extIntRX_StateMachine
<LI><a href="#[54]">&gt;&gt;</a>&nbsp;&nbsp;&nbsp;extIntDisableInterrupts
<LI><a href="#[56]">&gt;&gt;</a>&nbsp;&nbsp;&nbsp;EZMacPRO_LowBattery
<LI><a href="#[55]">&gt;&gt;</a>&nbsp;&nbsp;&nbsp;EZMacPRO_LFTimerExpired
</UL>
<BR>[Address Reference Count : 1]<UL><LI> startup_stm32f10x_md.o(RESET)
</UL>
<P><STRONG><a name="[4c]"></a>EXTI_Init</STRONG> (Thumb, 110 bytes, Stack size 12 bytes, stm32f10x_exti.o(i.EXTI_Init))
<BR><BR>[Stack]<UL><LI>Max Depth = 12<LI>Call Chain = EXTI_Init
</UL>
<BR>[Called By]<UL><LI><a href="#[40]">&gt;&gt;</a>&nbsp;&nbsp;&nbsp;BoardInit
</UL>

<P><STRONG><a name="[57]"></a>EZMacPRO_AckSending</STRONG> (Thumb, 30 bytes, Stack size 8 bytes, star_demo_master_callbacks.o(i.EZMacPRO_AckSending))
<BR><BR>[Stack]<UL><LI>Max Depth = 60<LI>Call Chain = EZMacPRO_AckSending &rArr; EZMacPRO_Ack_Write &rArr; macSpiWriteReg &rArr; macSpiWriteReadReg &rArr; spiWriteReadReg
</UL>
<BR>[Calls]<UL><LI><a href="#[59]">&gt;&gt;</a>&nbsp;&nbsp;&nbsp;EZMacPRO_Ack_Write
<LI><a href="#[58]">&gt;&gt;</a>&nbsp;&nbsp;&nbsp;__2printf
</UL>
<BR>[Called By]<UL><LI><a href="#[53]">&gt;&gt;</a>&nbsp;&nbsp;&nbsp;extIntRX_StateMachine
</UL>

<P><STRONG><a name="[5a]"></a>EZMacPRO_AckTimeout</STRONG> (Thumb, 16 bytes, Stack size 8 bytes, star_demo_master_callbacks.o(i.EZMacPRO_AckTimeout))
<BR><BR>[Stack]<UL><LI>Max Depth = 32<LI>Call Chain = EZMacPRO_AckTimeout &rArr; __2printf
</UL>
<BR>[Calls]<UL><LI><a href="#[58]">&gt;&gt;</a>&nbsp;&nbsp;&nbsp;__2printf
</UL>
<BR>[Called By]<UL><LI><a href="#[89]">&gt;&gt;</a>&nbsp;&nbsp;&nbsp;timerIntTX_StateMachine
</UL>

<P><STRONG><a name="[59]"></a>EZMacPRO_Ack_Write</STRONG> (Thumb, 160 bytes, Stack size 24 bytes, ezmacpro.o(i.EZMacPRO_Ack_Write))
<BR><BR>[Stack]<UL><LI>Max Depth = 52<LI>Call Chain = EZMacPRO_Ack_Write &rArr; macSpiWriteReg &rArr; macSpiWriteReadReg &rArr; spiWriteReadReg
</UL>
<BR>[Calls]<UL><LI><a href="#[5b]">&gt;&gt;</a>&nbsp;&nbsp;&nbsp;macSpiWriteReg
</UL>
<BR>[Called By]<UL><LI><a href="#[57]">&gt;&gt;</a>&nbsp;&nbsp;&nbsp;EZMacPRO_AckSending
</UL>

<P><STRONG><a name="[5c]"></a>EZMacPRO_CRCError</STRONG> (Thumb, 16 bytes, Stack size 8 bytes, star_demo_master_callbacks.o(i.EZMacPRO_CRCError))
<BR><BR>[Stack]<UL><LI>Max Depth = 32<LI>Call Chain = EZMacPRO_CRCError &rArr; __2printf
</UL>
<BR>[Calls]<UL><LI><a href="#[58]">&gt;&gt;</a>&nbsp;&nbsp;&nbsp;__2printf
</UL>
<BR>[Called By]<UL><LI><a href="#[53]">&gt;&gt;</a>&nbsp;&nbsp;&nbsp;extIntRX_StateMachine
</UL>

<P><STRONG><a name="[5d]"></a>EZMacPRO_Idle</STRONG> (Thumb, 140 bytes, Stack size 8 bytes, ezmacpro.o(i.EZMacPRO_Idle))
<BR><BR>[Stack]<UL><LI>Max Depth = 40<LI>Call Chain = EZMacPRO_Idle &rArr; EZMacPRO_StateIdleEntered &rArr; __2printf
</UL>
<BR>[Calls]<UL><LI><a href="#[5b]">&gt;&gt;</a>&nbsp;&nbsp;&nbsp;macSpiWriteReg
<LI><a href="#[5f]">&gt;&gt;</a>&nbsp;&nbsp;&nbsp;macSpiReadReg
<LI><a href="#[60]">&gt;&gt;</a>&nbsp;&nbsp;&nbsp;macSetFunction1
<LI><a href="#[5e]">&gt;&gt;</a>&nbsp;&nbsp;&nbsp;macSetEnable2
<LI><a href="#[61]">&gt;&gt;</a>&nbsp;&nbsp;&nbsp;EZMacPRO_StateIdleEntered
</UL>
<BR>[Called By]<UL><LI><a href="#[83]">&gt;&gt;</a>&nbsp;&nbsp;&nbsp;MasterNodeStatusUpdate
<LI><a href="#[7c]">&gt;&gt;</a>&nbsp;&nbsp;&nbsp;MasterNodeAssociate
</UL>

<P><STRONG><a name="[62]"></a>EZMacPRO_Init</STRONG> (Thumb, 370 bytes, Stack size 32 bytes, ezmacpro.o(i.EZMacPRO_Init))
<BR><BR>[Stack]<UL><LI>Max Depth = 84<LI>Call Chain = EZMacPRO_Init &rArr; SetRfParameters &rArr; macSpiWriteReg &rArr; macSpiWriteReadReg &rArr; spiWriteReadReg
</UL>
<BR>[Calls]<UL><LI><a href="#[64]">&gt;&gt;</a>&nbsp;&nbsp;&nbsp;macTimeout
<LI><a href="#[5b]">&gt;&gt;</a>&nbsp;&nbsp;&nbsp;macSpiWriteReg
<LI><a href="#[5f]">&gt;&gt;</a>&nbsp;&nbsp;&nbsp;macSpiReadReg
<LI><a href="#[66]">&gt;&gt;</a>&nbsp;&nbsp;&nbsp;macSpecialRegisterSettings
<LI><a href="#[65]">&gt;&gt;</a>&nbsp;&nbsp;&nbsp;SetRfParameters
<LI><a href="#[63]">&gt;&gt;</a>&nbsp;&nbsp;&nbsp;EZMacPRO_StateWakeUpEntered
<LI><a href="#[67]">&gt;&gt;</a>&nbsp;&nbsp;&nbsp;EZMacPRO_StateSleepEntered
</UL>
<BR>[Called By]<UL><LI><a href="#[80]">&gt;&gt;</a>&nbsp;&nbsp;&nbsp;MasterNodeBoot
</UL>

<P><STRONG><a name="[68]"></a>EZMacPRO_LBTTimeout</STRONG> (Thumb, 16 bytes, Stack size 8 bytes, star_demo_master_callbacks.o(i.EZMacPRO_LBTTimeout))
<BR><BR>[Stack]<UL><LI>Max Depth = 32<LI>Call Chain = EZMacPRO_LBTTimeout &rArr; __2printf
</UL>
<BR>[Calls]<UL><LI><a href="#[58]">&gt;&gt;</a>&nbsp;&nbsp;&nbsp;__2printf
</UL>
<BR>[Called By]<UL><LI><a href="#[89]">&gt;&gt;</a>&nbsp;&nbsp;&nbsp;timerIntTX_StateMachine
</UL>

<P><STRONG><a name="[55]"></a>EZMacPRO_LFTimerExpired</STRONG> (Thumb, 16 bytes, Stack size 8 bytes, star_demo_master_callbacks.o(i.EZMacPRO_LFTimerExpired))
<BR><BR>[Stack]<UL><LI>Max Depth = 32<LI>Call Chain = EZMacPRO_LFTimerExpired &rArr; __2printf
</UL>
<BR>[Calls]<UL><LI><a href="#[58]">&gt;&gt;</a>&nbsp;&nbsp;&nbsp;__2printf
</UL>
<BR>[Called By]<UL><LI><a href="#[13]">&gt;&gt;</a>&nbsp;&nbsp;&nbsp;EXTI3_IRQHandler
</UL>

<P><STRONG><a name="[56]"></a>EZMacPRO_LowBattery</STRONG> (Thumb, 16 bytes, Stack size 8 bytes, star_demo_master_callbacks.o(i.EZMacPRO_LowBattery))
<BR><BR>[Stack]<UL><LI>Max Depth = 32<LI>Call Chain = EZMacPRO_LowBattery &rArr; __2printf
</UL>
<BR>[Calls]<UL><LI><a href="#[58]">&gt;&gt;</a>&nbsp;&nbsp;&nbsp;__2printf
</UL>
<BR>[Called By]<UL><LI><a href="#[13]">&gt;&gt;</a>&nbsp;&nbsp;&nbsp;EXTI3_IRQHandler
</UL>

<P><STRONG><a name="[69]"></a>EZMacPRO_PacketDiscarded</STRONG> (Thumb, 16 bytes, Stack size 8 bytes, star_demo_master_callbacks.o(i.EZMacPRO_PacketDiscarded))
<BR><BR>[Stack]<UL><LI>Max Depth = 32<LI>Call Chain = EZMacPRO_PacketDiscarded &rArr; __2printf
</UL>
<BR>[Calls]<UL><LI><a href="#[58]">&gt;&gt;</a>&nbsp;&nbsp;&nbsp;__2printf
</UL>
<BR>[Called By]<UL><LI><a href="#[53]">&gt;&gt;</a>&nbsp;&nbsp;&nbsp;extIntRX_StateMachine
</UL>

<P><STRONG><a name="[6a]"></a>EZMacPRO_PacketReceived</STRONG> (Thumb, 16 bytes, Stack size 8 bytes, star_demo_master_callbacks.o(i.EZMacPRO_PacketReceived))
<BR><BR>[Stack]<UL><LI>Max Depth = 32<LI>Call Chain = EZMacPRO_PacketReceived &rArr; __2printf
</UL>
<BR>[Calls]<UL><LI><a href="#[58]">&gt;&gt;</a>&nbsp;&nbsp;&nbsp;__2printf
</UL>
<BR>[Called By]<UL><LI><a href="#[53]">&gt;&gt;</a>&nbsp;&nbsp;&nbsp;extIntRX_StateMachine
</UL>

<P><STRONG><a name="[6b]"></a>EZMacPRO_PacketSent</STRONG> (Thumb, 16 bytes, Stack size 8 bytes, star_demo_master_callbacks.o(i.EZMacPRO_PacketSent))
<BR><BR>[Stack]<UL><LI>Max Depth = 32<LI>Call Chain = EZMacPRO_PacketSent &rArr; __2printf
</UL>
<BR>[Calls]<UL><LI><a href="#[58]">&gt;&gt;</a>&nbsp;&nbsp;&nbsp;__2printf
</UL>
<BR>[Called By]<UL><LI><a href="#[51]">&gt;&gt;</a>&nbsp;&nbsp;&nbsp;extIntTX_StateMachine
</UL>

<P><STRONG><a name="[6c]"></a>EZMacPRO_Receive</STRONG> (Thumb, 250 bytes, Stack size 24 bytes, ezmacpro.o(i.EZMacPRO_Receive))
<BR><BR>[Stack]<UL><LI>Max Depth = 56<LI>Call Chain = EZMacPRO_Receive &rArr; EZMacPRO_StateRxEntered &rArr; __2printf
</UL>
<BR>[Calls]<UL><LI><a href="#[64]">&gt;&gt;</a>&nbsp;&nbsp;&nbsp;macTimeout
<LI><a href="#[6d]">&gt;&gt;</a>&nbsp;&nbsp;&nbsp;SpiWriteReg
<LI><a href="#[6e]">&gt;&gt;</a>&nbsp;&nbsp;&nbsp;SpiReadReg
<LI><a href="#[60]">&gt;&gt;</a>&nbsp;&nbsp;&nbsp;macSetFunction1
<LI><a href="#[5e]">&gt;&gt;</a>&nbsp;&nbsp;&nbsp;macSetEnable2
<LI><a href="#[6f]">&gt;&gt;</a>&nbsp;&nbsp;&nbsp;EZMacPRO_StateRxEntered
</UL>
<BR>[Called By]<UL><LI><a href="#[83]">&gt;&gt;</a>&nbsp;&nbsp;&nbsp;MasterNodeStatusUpdate
<LI><a href="#[7c]">&gt;&gt;</a>&nbsp;&nbsp;&nbsp;MasterNodeAssociate
</UL>

<P><STRONG><a name="[70]"></a>EZMacPRO_Reg_Read</STRONG> (Thumb, 114 bytes, Stack size 16 bytes, ezmacpro.o(i.EZMacPRO_Reg_Read))
<BR><BR>[Stack]<UL><LI>Max Depth = 44<LI>Call Chain = EZMacPRO_Reg_Read &rArr; macSpiReadReg &rArr; macSpiWriteReadReg &rArr; spiWriteReadReg
</UL>
<BR>[Calls]<UL><LI><a href="#[5f]">&gt;&gt;</a>&nbsp;&nbsp;&nbsp;macSpiReadReg
</UL>
<BR>[Called By]<UL><LI><a href="#[83]">&gt;&gt;</a>&nbsp;&nbsp;&nbsp;MasterNodeStatusUpdate
<LI><a href="#[7c]">&gt;&gt;</a>&nbsp;&nbsp;&nbsp;MasterNodeAssociate
</UL>

<P><STRONG><a name="[71]"></a>EZMacPRO_Reg_Write</STRONG> (Thumb, 652 bytes, Stack size 24 bytes, ezmacpro.o(i.EZMacPRO_Reg_Write))
<BR><BR>[Stack]<UL><LI>Max Depth = 76<LI>Call Chain = EZMacPRO_Reg_Write &rArr; SetRfParameters &rArr; macSpiWriteReg &rArr; macSpiWriteReadReg &rArr; spiWriteReadReg
</UL>
<BR>[Calls]<UL><LI><a href="#[5b]">&gt;&gt;</a>&nbsp;&nbsp;&nbsp;macSpiWriteReg
<LI><a href="#[5f]">&gt;&gt;</a>&nbsp;&nbsp;&nbsp;macSpiReadReg
<LI><a href="#[73]">&gt;&gt;</a>&nbsp;&nbsp;&nbsp;macUpdateLBTI
<LI><a href="#[72]">&gt;&gt;</a>&nbsp;&nbsp;&nbsp;macUpdateDynamicTimeouts
<LI><a href="#[65]">&gt;&gt;</a>&nbsp;&nbsp;&nbsp;SetRfParameters
</UL>
<BR>[Called By]<UL><LI><a href="#[83]">&gt;&gt;</a>&nbsp;&nbsp;&nbsp;MasterNodeStatusUpdate
<LI><a href="#[81]">&gt;&gt;</a>&nbsp;&nbsp;&nbsp;MasterNodeSleep
<LI><a href="#[80]">&gt;&gt;</a>&nbsp;&nbsp;&nbsp;MasterNodeBoot
<LI><a href="#[7c]">&gt;&gt;</a>&nbsp;&nbsp;&nbsp;MasterNodeAssociate
</UL>

<P><STRONG><a name="[7e]"></a>EZMacPRO_RxBuf_Read</STRONG> (Thumb, 36 bytes, Stack size 8 bytes, ezmacpro.o(i.EZMacPRO_RxBuf_Read))
<BR><BR>[Stack]<UL><LI>Max Depth = 8<LI>Call Chain = EZMacPRO_RxBuf_Read
</UL>
<BR>[Called By]<UL><LI><a href="#[83]">&gt;&gt;</a>&nbsp;&nbsp;&nbsp;MasterNodeStatusUpdate
<LI><a href="#[7c]">&gt;&gt;</a>&nbsp;&nbsp;&nbsp;MasterNodeAssociate
</UL>

<P><STRONG><a name="[74]"></a>EZMacPRO_Sleep</STRONG> (Thumb, 110 bytes, Stack size 16 bytes, ezmacpro.o(i.EZMacPRO_Sleep))
<BR><BR>[Stack]<UL><LI>Max Depth = 48<LI>Call Chain = EZMacPRO_Sleep &rArr; EZMacPRO_StateSleepEntered &rArr; __2printf
</UL>
<BR>[Calls]<UL><LI><a href="#[5b]">&gt;&gt;</a>&nbsp;&nbsp;&nbsp;macSpiWriteReg
<LI><a href="#[60]">&gt;&gt;</a>&nbsp;&nbsp;&nbsp;macSetFunction1
<LI><a href="#[5e]">&gt;&gt;</a>&nbsp;&nbsp;&nbsp;macSetEnable2
<LI><a href="#[67]">&gt;&gt;</a>&nbsp;&nbsp;&nbsp;EZMacPRO_StateSleepEntered
</UL>
<BR>[Called By]<UL><LI><a href="#[83]">&gt;&gt;</a>&nbsp;&nbsp;&nbsp;MasterNodeStatusUpdate
<LI><a href="#[81]">&gt;&gt;</a>&nbsp;&nbsp;&nbsp;MasterNodeSleep
</UL>

<P><STRONG><a name="[75]"></a>EZMacPRO_StateErrorEntered</STRONG> (Thumb, 16 bytes, Stack size 8 bytes, star_demo_master_callbacks.o(i.EZMacPRO_StateErrorEntered))
<BR><BR>[Stack]<UL><LI>Max Depth = 32<LI>Call Chain = EZMacPRO_StateErrorEntered &rArr; __2printf
</UL>
<BR>[Calls]<UL><LI><a href="#[58]">&gt;&gt;</a>&nbsp;&nbsp;&nbsp;__2printf
</UL>
<BR>[Called By]<UL><LI><a href="#[8a]">&gt;&gt;</a>&nbsp;&nbsp;&nbsp;timerIntWakeUp
<LI><a href="#[89]">&gt;&gt;</a>&nbsp;&nbsp;&nbsp;timerIntTX_StateMachine
<LI><a href="#[8b]">&gt;&gt;</a>&nbsp;&nbsp;&nbsp;timerIntRX_StateMachine
<LI><a href="#[52]">&gt;&gt;</a>&nbsp;&nbsp;&nbsp;extIntWakeUp
<LI><a href="#[53]">&gt;&gt;</a>&nbsp;&nbsp;&nbsp;extIntRX_StateMachine
</UL>

<P><STRONG><a name="[61]"></a>EZMacPRO_StateIdleEntered</STRONG> (Thumb, 16 bytes, Stack size 8 bytes, star_demo_master_callbacks.o(i.EZMacPRO_StateIdleEntered))
<BR><BR>[Stack]<UL><LI>Max Depth = 32<LI>Call Chain = EZMacPRO_StateIdleEntered &rArr; __2printf
</UL>
<BR>[Calls]<UL><LI><a href="#[58]">&gt;&gt;</a>&nbsp;&nbsp;&nbsp;__2printf
</UL>
<BR>[Called By]<UL><LI><a href="#[b3]">&gt;&gt;</a>&nbsp;&nbsp;&nbsp;timerIntGotoNextStateUsingSECR
<LI><a href="#[52]">&gt;&gt;</a>&nbsp;&nbsp;&nbsp;extIntWakeUp
<LI><a href="#[a4]">&gt;&gt;</a>&nbsp;&nbsp;&nbsp;extIntGotoNextStateUsingSECR
<LI><a href="#[5d]">&gt;&gt;</a>&nbsp;&nbsp;&nbsp;EZMacPRO_Idle
</UL>

<P><STRONG><a name="[6f]"></a>EZMacPRO_StateRxEntered</STRONG> (Thumb, 16 bytes, Stack size 8 bytes, star_demo_master_callbacks.o(i.EZMacPRO_StateRxEntered))
<BR><BR>[Stack]<UL><LI>Max Depth = 32<LI>Call Chain = EZMacPRO_StateRxEntered &rArr; __2printf
</UL>
<BR>[Calls]<UL><LI><a href="#[58]">&gt;&gt;</a>&nbsp;&nbsp;&nbsp;__2printf
</UL>
<BR>[Called By]<UL><LI><a href="#[6c]">&gt;&gt;</a>&nbsp;&nbsp;&nbsp;EZMacPRO_Receive
</UL>

<P><STRONG><a name="[67]"></a>EZMacPRO_StateSleepEntered</STRONG> (Thumb, 16 bytes, Stack size 8 bytes, star_demo_master_callbacks.o(i.EZMacPRO_StateSleepEntered))
<BR><BR>[Stack]<UL><LI>Max Depth = 32<LI>Call Chain = EZMacPRO_StateSleepEntered &rArr; __2printf
</UL>
<BR>[Calls]<UL><LI><a href="#[58]">&gt;&gt;</a>&nbsp;&nbsp;&nbsp;__2printf
</UL>
<BR>[Called By]<UL><LI><a href="#[b3]">&gt;&gt;</a>&nbsp;&nbsp;&nbsp;timerIntGotoNextStateUsingSECR
<LI><a href="#[a4]">&gt;&gt;</a>&nbsp;&nbsp;&nbsp;extIntGotoNextStateUsingSECR
<LI><a href="#[74]">&gt;&gt;</a>&nbsp;&nbsp;&nbsp;EZMacPRO_Sleep
<LI><a href="#[62]">&gt;&gt;</a>&nbsp;&nbsp;&nbsp;EZMacPRO_Init
</UL>

<P><STRONG><a name="[76]"></a>EZMacPRO_StateTxEntered</STRONG> (Thumb, 16 bytes, Stack size 8 bytes, star_demo_master_callbacks.o(i.EZMacPRO_StateTxEntered))
<BR><BR>[Stack]<UL><LI>Max Depth = 32<LI>Call Chain = EZMacPRO_StateTxEntered &rArr; __2printf
</UL>
<BR>[Calls]<UL><LI><a href="#[58]">&gt;&gt;</a>&nbsp;&nbsp;&nbsp;__2printf
</UL>
<BR>[Called By]<UL><LI><a href="#[78]">&gt;&gt;</a>&nbsp;&nbsp;&nbsp;EZMacPRO_Transmit
</UL>

<P><STRONG><a name="[63]"></a>EZMacPRO_StateWakeUpEntered</STRONG> (Thumb, 16 bytes, Stack size 8 bytes, star_demo_master_callbacks.o(i.EZMacPRO_StateWakeUpEntered))
<BR><BR>[Stack]<UL><LI>Max Depth = 32<LI>Call Chain = EZMacPRO_StateWakeUpEntered &rArr; __2printf
</UL>
<BR>[Calls]<UL><LI><a href="#[58]">&gt;&gt;</a>&nbsp;&nbsp;&nbsp;__2printf
</UL>
<BR>[Called By]<UL><LI><a href="#[7b]">&gt;&gt;</a>&nbsp;&nbsp;&nbsp;EZMacPRO_Wake_Up
<LI><a href="#[62]">&gt;&gt;</a>&nbsp;&nbsp;&nbsp;EZMacPRO_Init
</UL>

<P><STRONG><a name="[77]"></a>EZMacPRO_SyncWordReceived</STRONG> (Thumb, 16 bytes, Stack size 8 bytes, star_demo_master_callbacks.o(i.EZMacPRO_SyncWordReceived))
<BR><BR>[Stack]<UL><LI>Max Depth = 32<LI>Call Chain = EZMacPRO_SyncWordReceived &rArr; __2printf
</UL>
<BR>[Calls]<UL><LI><a href="#[58]">&gt;&gt;</a>&nbsp;&nbsp;&nbsp;__2printf
</UL>
<BR>[Called By]<UL><LI><a href="#[53]">&gt;&gt;</a>&nbsp;&nbsp;&nbsp;extIntRX_StateMachine
</UL>

<P><STRONG><a name="[78]"></a>EZMacPRO_Transmit</STRONG> (Thumb, 384 bytes, Stack size 32 bytes, ezmacpro.o(i.EZMacPRO_Transmit))
<BR><BR>[Stack]<UL><LI>Max Depth = 64<LI>Call Chain = EZMacPRO_Transmit &rArr; EZMacPRO_StateTxEntered &rArr; __2printf
</UL>
<BR>[Calls]<UL><LI><a href="#[64]">&gt;&gt;</a>&nbsp;&nbsp;&nbsp;macTimeout
<LI><a href="#[6d]">&gt;&gt;</a>&nbsp;&nbsp;&nbsp;SpiWriteReg
<LI><a href="#[6e]">&gt;&gt;</a>&nbsp;&nbsp;&nbsp;SpiReadReg
<LI><a href="#[60]">&gt;&gt;</a>&nbsp;&nbsp;&nbsp;macSetFunction1
<LI><a href="#[5e]">&gt;&gt;</a>&nbsp;&nbsp;&nbsp;macSetEnable2
<LI><a href="#[76]">&gt;&gt;</a>&nbsp;&nbsp;&nbsp;EZMacPRO_StateTxEntered
</UL>
<BR>[Called By]<UL><LI><a href="#[83]">&gt;&gt;</a>&nbsp;&nbsp;&nbsp;MasterNodeStatusUpdate
<LI><a href="#[7c]">&gt;&gt;</a>&nbsp;&nbsp;&nbsp;MasterNodeAssociate
</UL>

<P><STRONG><a name="[79]"></a>EZMacPRO_TxBuf_Write</STRONG> (Thumb, 134 bytes, Stack size 24 bytes, ezmacpro.o(i.EZMacPRO_TxBuf_Write))
<BR><BR>[Stack]<UL><LI>Max Depth = 52<LI>Call Chain = EZMacPRO_TxBuf_Write &rArr; macSpiWriteReg &rArr; macSpiWriteReadReg &rArr; spiWriteReadReg
</UL>
<BR>[Calls]<UL><LI><a href="#[5b]">&gt;&gt;</a>&nbsp;&nbsp;&nbsp;macSpiWriteReg
<LI><a href="#[7a]">&gt;&gt;</a>&nbsp;&nbsp;&nbsp;macSpiWriteFIFO
<LI><a href="#[5f]">&gt;&gt;</a>&nbsp;&nbsp;&nbsp;macSpiReadReg
</UL>
<BR>[Called By]<UL><LI><a href="#[83]">&gt;&gt;</a>&nbsp;&nbsp;&nbsp;MasterNodeStatusUpdate
<LI><a href="#[7c]">&gt;&gt;</a>&nbsp;&nbsp;&nbsp;MasterNodeAssociate
</UL>

<P><STRONG><a name="[7b]"></a>EZMacPRO_Wake_Up</STRONG> (Thumb, 154 bytes, Stack size 24 bytes, ezmacpro.o(i.EZMacPRO_Wake_Up))
<BR><BR>[Stack]<UL><LI>Max Depth = 56<LI>Call Chain = EZMacPRO_Wake_Up &rArr; EZMacPRO_StateWakeUpEntered &rArr; __2printf
</UL>
<BR>[Calls]<UL><LI><a href="#[64]">&gt;&gt;</a>&nbsp;&nbsp;&nbsp;macTimeout
<LI><a href="#[5b]">&gt;&gt;</a>&nbsp;&nbsp;&nbsp;macSpiWriteReg
<LI><a href="#[5f]">&gt;&gt;</a>&nbsp;&nbsp;&nbsp;macSpiReadReg
<LI><a href="#[48]">&gt;&gt;</a>&nbsp;&nbsp;&nbsp;Timer2BusyWait_ms
<LI><a href="#[60]">&gt;&gt;</a>&nbsp;&nbsp;&nbsp;macSetFunction1
<LI><a href="#[5e]">&gt;&gt;</a>&nbsp;&nbsp;&nbsp;macSetEnable2
<LI><a href="#[63]">&gt;&gt;</a>&nbsp;&nbsp;&nbsp;EZMacPRO_StateWakeUpEntered
</UL>
<BR>[Called By]<UL><LI><a href="#[83]">&gt;&gt;</a>&nbsp;&nbsp;&nbsp;MasterNodeStatusUpdate
<LI><a href="#[81]">&gt;&gt;</a>&nbsp;&nbsp;&nbsp;MasterNodeSleep
<LI><a href="#[80]">&gt;&gt;</a>&nbsp;&nbsp;&nbsp;MasterNodeBoot
</UL>

<P><STRONG><a name="[4b]"></a>GPIO_EXTILineConfig</STRONG> (Thumb, 34 bytes, Stack size 8 bytes, stm32f10x_gpio.o(i.GPIO_EXTILineConfig))
<BR><BR>[Stack]<UL><LI>Max Depth = 8<LI>Call Chain = GPIO_EXTILineConfig
</UL>
<BR>[Called By]<UL><LI><a href="#[40]">&gt;&gt;</a>&nbsp;&nbsp;&nbsp;BoardInit
</UL>

<P><STRONG><a name="[af]"></a>GPIO_ResetBits</STRONG> (Thumb, 4 bytes, Stack size 0 bytes, stm32f10x_gpio.o(i.GPIO_ResetBits))
<BR><BR>[Called By]<UL><LI><a href="#[44]">&gt;&gt;</a>&nbsp;&nbsp;&nbsp;pinLow
</UL>

<P><STRONG><a name="[ae]"></a>GPIO_SetBits</STRONG> (Thumb, 4 bytes, Stack size 0 bytes, stm32f10x_gpio.o(i.GPIO_SetBits))
<BR><BR>[Called By]<UL><LI><a href="#[47]">&gt;&gt;</a>&nbsp;&nbsp;&nbsp;pinHigh
</UL>

<P><STRONG><a name="[7c]"></a>MasterNodeAssociate</STRONG> (Thumb, 452 bytes, Stack size 40 bytes, star_demo_master_node.o(i.MasterNodeAssociate))
<BR><BR>[Stack]<UL><LI>Max Depth = 116<LI>Call Chain = MasterNodeAssociate &rArr; EZMacPRO_Reg_Write &rArr; SetRfParameters &rArr; macSpiWriteReg &rArr; macSpiWriteReadReg &rArr; spiWriteReadReg
</UL>
<BR>[Calls]<UL><LI><a href="#[47]">&gt;&gt;</a>&nbsp;&nbsp;&nbsp;pinHigh
<LI><a href="#[79]">&gt;&gt;</a>&nbsp;&nbsp;&nbsp;EZMacPRO_TxBuf_Write
<LI><a href="#[78]">&gt;&gt;</a>&nbsp;&nbsp;&nbsp;EZMacPRO_Transmit
<LI><a href="#[7e]">&gt;&gt;</a>&nbsp;&nbsp;&nbsp;EZMacPRO_RxBuf_Read
<LI><a href="#[71]">&gt;&gt;</a>&nbsp;&nbsp;&nbsp;EZMacPRO_Reg_Write
<LI><a href="#[70]">&gt;&gt;</a>&nbsp;&nbsp;&nbsp;EZMacPRO_Reg_Read
<LI><a href="#[6c]">&gt;&gt;</a>&nbsp;&nbsp;&nbsp;EZMacPRO_Receive
<LI><a href="#[5d]">&gt;&gt;</a>&nbsp;&nbsp;&nbsp;EZMacPRO_Idle
<LI><a href="#[7d]">&gt;&gt;</a>&nbsp;&nbsp;&nbsp;SearchFreeSlotInAssocTable
<LI><a href="#[7f]">&gt;&gt;</a>&nbsp;&nbsp;&nbsp;memcmp
<LI><a href="#[58]">&gt;&gt;</a>&nbsp;&nbsp;&nbsp;__2printf
</UL>
<BR>[Called By]<UL><LI><a href="#[87]">&gt;&gt;</a>&nbsp;&nbsp;&nbsp;StateMachine
</UL>

<P><STRONG><a name="[80]"></a>MasterNodeBoot</STRONG> (Thumb, 240 bytes, Stack size 24 bytes, star_demo_master_node.o(i.MasterNodeBoot))
<BR><BR>[Stack]<UL><LI>Max Depth = 108<LI>Call Chain = MasterNodeBoot &rArr; EZMacPRO_Init &rArr; SetRfParameters &rArr; macSpiWriteReg &rArr; macSpiWriteReadReg &rArr; spiWriteReadReg
</UL>
<BR>[Calls]<UL><LI><a href="#[7b]">&gt;&gt;</a>&nbsp;&nbsp;&nbsp;EZMacPRO_Wake_Up
<LI><a href="#[71]">&gt;&gt;</a>&nbsp;&nbsp;&nbsp;EZMacPRO_Reg_Write
<LI><a href="#[62]">&gt;&gt;</a>&nbsp;&nbsp;&nbsp;EZMacPRO_Init
<LI><a href="#[58]">&gt;&gt;</a>&nbsp;&nbsp;&nbsp;__2printf
</UL>
<BR>[Called By]<UL><LI><a href="#[87]">&gt;&gt;</a>&nbsp;&nbsp;&nbsp;StateMachine
</UL>

<P><STRONG><a name="[81]"></a>MasterNodeSleep</STRONG> (Thumb, 138 bytes, Stack size 16 bytes, star_demo_master_node.o(i.MasterNodeSleep))
<BR><BR>[Stack]<UL><LI>Max Depth = 96<LI>Call Chain = MasterNodeSleep &rArr; PrintSlaveInfo &rArr; SprintfSlaveInfo &rArr; __2sprintf
</UL>
<BR>[Calls]<UL><LI><a href="#[44]">&gt;&gt;</a>&nbsp;&nbsp;&nbsp;pinLow
<LI><a href="#[7b]">&gt;&gt;</a>&nbsp;&nbsp;&nbsp;EZMacPRO_Wake_Up
<LI><a href="#[74]">&gt;&gt;</a>&nbsp;&nbsp;&nbsp;EZMacPRO_Sleep
<LI><a href="#[71]">&gt;&gt;</a>&nbsp;&nbsp;&nbsp;EZMacPRO_Reg_Write
<LI><a href="#[82]">&gt;&gt;</a>&nbsp;&nbsp;&nbsp;PrintSlaveInfo
<LI><a href="#[58]">&gt;&gt;</a>&nbsp;&nbsp;&nbsp;__2printf
</UL>
<BR>[Called By]<UL><LI><a href="#[87]">&gt;&gt;</a>&nbsp;&nbsp;&nbsp;StateMachine
</UL>

<P><STRONG><a name="[83]"></a>MasterNodeStatusUpdate</STRONG> (Thumb, 484 bytes, Stack size 40 bytes, star_demo_master_node.o(i.MasterNodeStatusUpdate))
<BR><BR>[Stack]<UL><LI>Max Depth = 116<LI>Call Chain = MasterNodeStatusUpdate &rArr; EZMacPRO_Reg_Write &rArr; SetRfParameters &rArr; macSpiWriteReg &rArr; macSpiWriteReadReg &rArr; spiWriteReadReg
</UL>
<BR>[Calls]<UL><LI><a href="#[44]">&gt;&gt;</a>&nbsp;&nbsp;&nbsp;pinLow
<LI><a href="#[47]">&gt;&gt;</a>&nbsp;&nbsp;&nbsp;pinHigh
<LI><a href="#[7b]">&gt;&gt;</a>&nbsp;&nbsp;&nbsp;EZMacPRO_Wake_Up
<LI><a href="#[79]">&gt;&gt;</a>&nbsp;&nbsp;&nbsp;EZMacPRO_TxBuf_Write
<LI><a href="#[78]">&gt;&gt;</a>&nbsp;&nbsp;&nbsp;EZMacPRO_Transmit
<LI><a href="#[74]">&gt;&gt;</a>&nbsp;&nbsp;&nbsp;EZMacPRO_Sleep
<LI><a href="#[7e]">&gt;&gt;</a>&nbsp;&nbsp;&nbsp;EZMacPRO_RxBuf_Read
<LI><a href="#[71]">&gt;&gt;</a>&nbsp;&nbsp;&nbsp;EZMacPRO_Reg_Write
<LI><a href="#[70]">&gt;&gt;</a>&nbsp;&nbsp;&nbsp;EZMacPRO_Reg_Read
<LI><a href="#[6c]">&gt;&gt;</a>&nbsp;&nbsp;&nbsp;EZMacPRO_Receive
<LI><a href="#[5d]">&gt;&gt;</a>&nbsp;&nbsp;&nbsp;EZMacPRO_Idle
<LI><a href="#[7f]">&gt;&gt;</a>&nbsp;&nbsp;&nbsp;memcmp
<LI><a href="#[58]">&gt;&gt;</a>&nbsp;&nbsp;&nbsp;__2printf
</UL>
<BR>[Called By]<UL><LI><a href="#[87]">&gt;&gt;</a>&nbsp;&nbsp;&nbsp;StateMachine
</UL>

<P><STRONG><a name="[4e]"></a>NVIC_Init</STRONG> (Thumb, 92 bytes, Stack size 20 bytes, misc.o(i.NVIC_Init))
<BR><BR>[Stack]<UL><LI>Max Depth = 20<LI>Call Chain = NVIC_Init
</UL>
<BR>[Called By]<UL><LI><a href="#[40]">&gt;&gt;</a>&nbsp;&nbsp;&nbsp;BoardInit
<LI><a href="#[4f]">&gt;&gt;</a>&nbsp;&nbsp;&nbsp;Uart0Init
<LI><a href="#[46]">&gt;&gt;</a>&nbsp;&nbsp;&nbsp;TimerInit
</UL>

<P><STRONG><a name="[4d]"></a>NVIC_PriorityGroupConfig</STRONG> (Thumb, 10 bytes, Stack size 0 bytes, misc.o(i.NVIC_PriorityGroupConfig))
<BR><BR>[Called By]<UL><LI><a href="#[40]">&gt;&gt;</a>&nbsp;&nbsp;&nbsp;BoardInit
<LI><a href="#[4f]">&gt;&gt;</a>&nbsp;&nbsp;&nbsp;Uart0Init
<LI><a href="#[46]">&gt;&gt;</a>&nbsp;&nbsp;&nbsp;TimerInit
</UL>

<P><STRONG><a name="[82]"></a>PrintSlaveInfo</STRONG> (Thumb, 76 bytes, Stack size 24 bytes, star_demo_master_node.o(i.PrintSlaveInfo))
<BR><BR>[Stack]<UL><LI>Max Depth = 80<LI>Call Chain = PrintSlaveInfo &rArr; SprintfSlaveInfo &rArr; __2sprintf
</UL>
<BR>[Calls]<UL><LI><a href="#[84]">&gt;&gt;</a>&nbsp;&nbsp;&nbsp;SprintfSlaveNotAssoc
<LI><a href="#[85]">&gt;&gt;</a>&nbsp;&nbsp;&nbsp;SprintfSlaveInfo
<LI><a href="#[86]">&gt;&gt;</a>&nbsp;&nbsp;&nbsp;__2sprintf
<LI><a href="#[58]">&gt;&gt;</a>&nbsp;&nbsp;&nbsp;__2printf
</UL>
<BR>[Called By]<UL><LI><a href="#[81]">&gt;&gt;</a>&nbsp;&nbsp;&nbsp;MasterNodeSleep
</UL>

<P><STRONG><a name="[43]"></a>RCC_APB1PeriphClockCmd</STRONG> (Thumb, 22 bytes, Stack size 0 bytes, stm32f10x_rcc.o(i.RCC_APB1PeriphClockCmd))
<BR><BR>[Called By]<UL><LI><a href="#[40]">&gt;&gt;</a>&nbsp;&nbsp;&nbsp;BoardInit
</UL>

<P><STRONG><a name="[41]"></a>RCC_APB2PeriphClockCmd</STRONG> (Thumb, 22 bytes, Stack size 0 bytes, stm32f10x_rcc.o(i.RCC_APB2PeriphClockCmd))
<BR><BR>[Called By]<UL><LI><a href="#[40]">&gt;&gt;</a>&nbsp;&nbsp;&nbsp;BoardInit
<LI><a href="#[4f]">&gt;&gt;</a>&nbsp;&nbsp;&nbsp;Uart0Init
</UL>

<P><STRONG><a name="[98]"></a>RCC_GetClocksFreq</STRONG> (Thumb, 154 bytes, Stack size 8 bytes, stm32f10x_rcc.o(i.RCC_GetClocksFreq))
<BR><BR>[Stack]<UL><LI>Max Depth = 8<LI>Call Chain = RCC_GetClocksFreq
</UL>
<BR>[Called By]<UL><LI><a href="#[97]">&gt;&gt;</a>&nbsp;&nbsp;&nbsp;USART_Init
</UL>

<P><STRONG><a name="[94]"></a>RingBuffer_Get</STRONG> (Thumb, 44 bytes, Stack size 8 bytes, bsp.o(i.RingBuffer_Get))
<BR><BR>[Stack]<UL><LI>Max Depth = 8<LI>Call Chain = RingBuffer_Get
</UL>
<BR>[Called By]<UL><LI><a href="#[2f]">&gt;&gt;</a>&nbsp;&nbsp;&nbsp;USART1_IRQHandler
</UL>

<P><STRONG><a name="[93]"></a>RingBuffer_Put</STRONG> (Thumb, 36 bytes, Stack size 8 bytes, bsp.o(i.RingBuffer_Put))
<BR><BR>[Stack]<UL><LI>Max Depth = 8<LI>Call Chain = RingBuffer_Put
</UL>
<BR>[Called By]<UL><LI><a href="#[9a]">&gt;&gt;</a>&nbsp;&nbsp;&nbsp;UsartPut
<LI><a href="#[2f]">&gt;&gt;</a>&nbsp;&nbsp;&nbsp;USART1_IRQHandler
</UL>

<P><STRONG><a name="[4a]"></a>SPI_Cmd</STRONG> (Thumb, 24 bytes, Stack size 0 bytes, stm32f10x_spi.o(i.SPI_Cmd))
<BR><BR>[Called By]<UL><LI><a href="#[40]">&gt;&gt;</a>&nbsp;&nbsp;&nbsp;BoardInit
</UL>

<P><STRONG><a name="[49]"></a>SPI_Init</STRONG> (Thumb, 56 bytes, Stack size 12 bytes, stm32f10x_spi.o(i.SPI_Init))
<BR><BR>[Stack]<UL><LI>Max Depth = 12<LI>Call Chain = SPI_Init
</UL>
<BR>[Called By]<UL><LI><a href="#[40]">&gt;&gt;</a>&nbsp;&nbsp;&nbsp;BoardInit
</UL>

<P><STRONG><a name="[7d]"></a>SearchFreeSlotInAssocTable</STRONG> (Thumb, 26 bytes, Stack size 0 bytes, star_demo_master_node.o(i.SearchFreeSlotInAssocTable))
<BR><BR>[Called By]<UL><LI><a href="#[7c]">&gt;&gt;</a>&nbsp;&nbsp;&nbsp;MasterNodeAssociate
</UL>

<P><STRONG><a name="[65]"></a>SetRfParameters</STRONG> (Thumb, 266 bytes, Stack size 24 bytes, ezmacpro.o(i.SetRfParameters))
<BR><BR>[Stack]<UL><LI>Max Depth = 52<LI>Call Chain = SetRfParameters &rArr; macSpiWriteReg &rArr; macSpiWriteReadReg &rArr; spiWriteReadReg
</UL>
<BR>[Calls]<UL><LI><a href="#[5b]">&gt;&gt;</a>&nbsp;&nbsp;&nbsp;macSpiWriteReg
</UL>
<BR>[Called By]<UL><LI><a href="#[71]">&gt;&gt;</a>&nbsp;&nbsp;&nbsp;EZMacPRO_Reg_Write
<LI><a href="#[62]">&gt;&gt;</a>&nbsp;&nbsp;&nbsp;EZMacPRO_Init
</UL>

<P><STRONG><a name="[85]"></a>SprintfSlaveInfo</STRONG> (Thumb, 102 bytes, Stack size 32 bytes, star_demo_master_menu.o(i.SprintfSlaveInfo))
<BR><BR>[Stack]<UL><LI>Max Depth = 56<LI>Call Chain = SprintfSlaveInfo &rArr; __2sprintf
</UL>
<BR>[Calls]<UL><LI><a href="#[86]">&gt;&gt;</a>&nbsp;&nbsp;&nbsp;__2sprintf
</UL>
<BR>[Called By]<UL><LI><a href="#[82]">&gt;&gt;</a>&nbsp;&nbsp;&nbsp;PrintSlaveInfo
</UL>

<P><STRONG><a name="[84]"></a>SprintfSlaveNotAssoc</STRONG> (Thumb, 6 bytes, Stack size 0 bytes, star_demo_master_menu.o(i.SprintfSlaveNotAssoc))
<BR><BR>[Stack]<UL><LI>Max Depth = 24<LI>Call Chain = SprintfSlaveNotAssoc &rArr; __2sprintf
</UL>
<BR>[Calls]<UL><LI><a href="#[86]">&gt;&gt;</a>&nbsp;&nbsp;&nbsp;__2sprintf
</UL>
<BR>[Called By]<UL><LI><a href="#[82]">&gt;&gt;</a>&nbsp;&nbsp;&nbsp;PrintSlaveInfo
</UL>

<P><STRONG><a name="[87]"></a>StateMachine</STRONG> (Thumb, 62 bytes, Stack size 8 bytes, star_demo_master_node.o(i.StateMachine))
<BR><BR>[Stack]<UL><LI>Max Depth = 128<LI>Call Chain = StateMachine &rArr; BoardInit &rArr; Uart0Init &rArr; USART_Init &rArr; RCC_GetClocksFreq
</UL>
<BR>[Calls]<UL><LI><a href="#[40]">&gt;&gt;</a>&nbsp;&nbsp;&nbsp;BoardInit
<LI><a href="#[83]">&gt;&gt;</a>&nbsp;&nbsp;&nbsp;MasterNodeStatusUpdate
<LI><a href="#[81]">&gt;&gt;</a>&nbsp;&nbsp;&nbsp;MasterNodeSleep
<LI><a href="#[80]">&gt;&gt;</a>&nbsp;&nbsp;&nbsp;MasterNodeBoot
<LI><a href="#[7c]">&gt;&gt;</a>&nbsp;&nbsp;&nbsp;MasterNodeAssociate
</UL>
<BR>[Called By]<UL><LI><a href="#[35]">&gt;&gt;</a>&nbsp;&nbsp;&nbsp;main
</UL>

<P><STRONG><a name="[ad]"></a>StateMachine_Init</STRONG> (Thumb, 8 bytes, Stack size 0 bytes, star_demo_master_node.o(i.StateMachine_Init))
<BR><BR>[Called By]<UL><LI><a href="#[35]">&gt;&gt;</a>&nbsp;&nbsp;&nbsp;main
</UL>

<P><STRONG><a name="[36]"></a>SystemInit</STRONG> (Thumb, 64 bytes, Stack size 8 bytes, system_stm32f10x.o(i.SystemInit))
<BR><BR>[Stack]<UL><LI>Max Depth = 8<LI>Call Chain = SystemInit
</UL>
<BR>[Calls]<UL><LI><a href="#[88]">&gt;&gt;</a>&nbsp;&nbsp;&nbsp;SetSysClock
</UL>
<BR>[Address Reference Count : 1]<UL><LI> startup_stm32f10x_md.o(.text)
</UL>
<P><STRONG><a name="[27]"></a>TIM3_IRQHandler</STRONG> (Thumb, 86 bytes, Stack size 0 bytes, ezmacpro_timerint.o(i.TIM3_IRQHandler))
<BR><BR>[Stack]<UL><LI>Max Depth = 88<LI>Call Chain = TIM3_IRQHandler &rArr; timerIntTX_StateMachine &rArr; timerIntGotoNextStateUsingSECR &rArr; EZMacPRO_StateSleepEntered &rArr; __2printf
</UL>
<BR>[Calls]<UL><LI><a href="#[8a]">&gt;&gt;</a>&nbsp;&nbsp;&nbsp;timerIntWakeUp
<LI><a href="#[89]">&gt;&gt;</a>&nbsp;&nbsp;&nbsp;timerIntTX_StateMachine
<LI><a href="#[8b]">&gt;&gt;</a>&nbsp;&nbsp;&nbsp;timerIntRX_StateMachine
</UL>
<BR>[Address Reference Count : 1]<UL><LI> startup_stm32f10x_md.o(RESET)
</UL>
<P><STRONG><a name="[8e]"></a>TIM_ClearFlag</STRONG> (Thumb, 6 bytes, Stack size 0 bytes, stm32f10x_tim.o(i.TIM_ClearFlag))
<BR><BR>[Called By]<UL><LI><a href="#[46]">&gt;&gt;</a>&nbsp;&nbsp;&nbsp;TimerInit
</UL>

<P><STRONG><a name="[8c]"></a>TIM_Cmd</STRONG> (Thumb, 24 bytes, Stack size 0 bytes, stm32f10x_tim.o(i.TIM_Cmd))
<BR><BR>[Called By]<UL><LI><a href="#[46]">&gt;&gt;</a>&nbsp;&nbsp;&nbsp;TimerInit
</UL>

<P><STRONG><a name="[8f]"></a>TIM_SelectOnePulseMode</STRONG> (Thumb, 16 bytes, Stack size 0 bytes, stm32f10x_tim.o(i.TIM_SelectOnePulseMode))
<BR><BR>[Called By]<UL><LI><a href="#[46]">&gt;&gt;</a>&nbsp;&nbsp;&nbsp;TimerInit
</UL>

<P><STRONG><a name="[8d]"></a>TIM_TimeBaseInit</STRONG> (Thumb, 114 bytes, Stack size 12 bytes, stm32f10x_tim.o(i.TIM_TimeBaseInit))
<BR><BR>[Stack]<UL><LI>Max Depth = 12<LI>Call Chain = TIM_TimeBaseInit
</UL>
<BR>[Called By]<UL><LI><a href="#[46]">&gt;&gt;</a>&nbsp;&nbsp;&nbsp;TimerInit
</UL>

<P><STRONG><a name="[48]"></a>Timer2BusyWait_ms</STRONG> (Thumb, 40 bytes, Stack size 0 bytes, bsp.o(i.Timer2BusyWait_ms))
<BR><BR>[Called By]<UL><LI><a href="#[7b]">&gt;&gt;</a>&nbsp;&nbsp;&nbsp;EZMacPRO_Wake_Up
<LI><a href="#[40]">&gt;&gt;</a>&nbsp;&nbsp;&nbsp;BoardInit
</UL>

<P><STRONG><a name="[46]"></a>TimerInit</STRONG> (Thumb, 104 bytes, Stack size 32 bytes, bsp.o(i.TimerInit))
<BR><BR>[Stack]<UL><LI>Max Depth = 52<LI>Call Chain = TimerInit &rArr; NVIC_Init
</UL>
<BR>[Calls]<UL><LI><a href="#[8d]">&gt;&gt;</a>&nbsp;&nbsp;&nbsp;TIM_TimeBaseInit
<LI><a href="#[8f]">&gt;&gt;</a>&nbsp;&nbsp;&nbsp;TIM_SelectOnePulseMode
<LI><a href="#[8c]">&gt;&gt;</a>&nbsp;&nbsp;&nbsp;TIM_Cmd
<LI><a href="#[8e]">&gt;&gt;</a>&nbsp;&nbsp;&nbsp;TIM_ClearFlag
<LI><a href="#[4d]">&gt;&gt;</a>&nbsp;&nbsp;&nbsp;NVIC_PriorityGroupConfig
<LI><a href="#[4e]">&gt;&gt;</a>&nbsp;&nbsp;&nbsp;NVIC_Init
</UL>
<BR>[Called By]<UL><LI><a href="#[40]">&gt;&gt;</a>&nbsp;&nbsp;&nbsp;BoardInit
</UL>

<P><STRONG><a name="[2f]"></a>USART1_IRQHandler</STRONG> (Thumb, 108 bytes, Stack size 16 bytes, bsp.o(i.USART1_IRQHandler))
<BR><BR>[Stack]<UL><LI>Max Depth = 32<LI>Call Chain = USART1_IRQHandler &rArr; USART_GetITStatus
</UL>
<BR>[Calls]<UL><LI><a href="#[95]">&gt;&gt;</a>&nbsp;&nbsp;&nbsp;USART_SendData
<LI><a href="#[91]">&gt;&gt;</a>&nbsp;&nbsp;&nbsp;USART_ReceiveData
<LI><a href="#[96]">&gt;&gt;</a>&nbsp;&nbsp;&nbsp;USART_ITConfig
<LI><a href="#[90]">&gt;&gt;</a>&nbsp;&nbsp;&nbsp;USART_GetITStatus
<LI><a href="#[92]">&gt;&gt;</a>&nbsp;&nbsp;&nbsp;USART_GetFlagStatus
<LI><a href="#[93]">&gt;&gt;</a>&nbsp;&nbsp;&nbsp;RingBuffer_Put
<LI><a href="#[94]">&gt;&gt;</a>&nbsp;&nbsp;&nbsp;RingBuffer_Get
</UL>
<BR>[Address Reference Count : 1]<UL><LI> startup_stm32f10x_md.o(RESET)
</UL>
<P><STRONG><a name="[99]"></a>USART_Cmd</STRONG> (Thumb, 24 bytes, Stack size 0 bytes, stm32f10x_usart.o(i.USART_Cmd))
<BR><BR>[Called By]<UL><LI><a href="#[4f]">&gt;&gt;</a>&nbsp;&nbsp;&nbsp;Uart0Init
</UL>

<P><STRONG><a name="[92]"></a>USART_GetFlagStatus</STRONG> (Thumb, 14 bytes, Stack size 0 bytes, stm32f10x_usart.o(i.USART_GetFlagStatus))
<BR><BR>[Called By]<UL><LI><a href="#[2f]">&gt;&gt;</a>&nbsp;&nbsp;&nbsp;USART1_IRQHandler
</UL>

<P><STRONG><a name="[90]"></a>USART_GetITStatus</STRONG> (Thumb, 64 bytes, Stack size 16 bytes, stm32f10x_usart.o(i.USART_GetITStatus))
<BR><BR>[Stack]<UL><LI>Max Depth = 16<LI>Call Chain = USART_GetITStatus
</UL>
<BR>[Called By]<UL><LI><a href="#[2f]">&gt;&gt;</a>&nbsp;&nbsp;&nbsp;USART1_IRQHandler
</UL>

<P><STRONG><a name="[96]"></a>USART_ITConfig</STRONG> (Thumb, 54 bytes, Stack size 8 bytes, stm32f10x_usart.o(i.USART_ITConfig))
<BR><BR>[Stack]<UL><LI>Max Depth = 8<LI>Call Chain = USART_ITConfig
</UL>
<BR>[Called By]<UL><LI><a href="#[9a]">&gt;&gt;</a>&nbsp;&nbsp;&nbsp;UsartPut
<LI><a href="#[4f]">&gt;&gt;</a>&nbsp;&nbsp;&nbsp;Uart0Init
<LI><a href="#[2f]">&gt;&gt;</a>&nbsp;&nbsp;&nbsp;USART1_IRQHandler
</UL>

<P><STRONG><a name="[97]"></a>USART_Init</STRONG> (Thumb, 182 bytes, Stack size 32 bytes, stm32f10x_usart.o(i.USART_Init))
<BR><BR>[Stack]<UL><LI>Max Depth = 40<LI>Call Chain = USART_Init &rArr; RCC_GetClocksFreq
</UL>
<BR>[Calls]<UL><LI><a href="#[98]">&gt;&gt;</a>&nbsp;&nbsp;&nbsp;RCC_GetClocksFreq
</UL>
<BR>[Called By]<UL><LI><a href="#[4f]">&gt;&gt;</a>&nbsp;&nbsp;&nbsp;Uart0Init
</UL>

<P><STRONG><a name="[91]"></a>USART_ReceiveData</STRONG> (Thumb, 8 bytes, Stack size 0 bytes, stm32f10x_usart.o(i.USART_ReceiveData))
<BR><BR>[Called By]<UL><LI><a href="#[2f]">&gt;&gt;</a>&nbsp;&nbsp;&nbsp;USART1_IRQHandler
</UL>

<P><STRONG><a name="[95]"></a>USART_SendData</STRONG> (Thumb, 8 bytes, Stack size 0 bytes, stm32f10x_usart.o(i.USART_SendData))
<BR><BR>[Called By]<UL><LI><a href="#[2f]">&gt;&gt;</a>&nbsp;&nbsp;&nbsp;USART1_IRQHandler
</UL>

<P><STRONG><a name="[4f]"></a>Uart0Init</STRONG> (Thumb, 164 bytes, Stack size 32 bytes, bsp.o(i.Uart0Init))
<BR><BR>[Stack]<UL><LI>Max Depth = 72<LI>Call Chain = Uart0Init &rArr; USART_Init &rArr; RCC_GetClocksFreq
</UL>
<BR>[Calls]<UL><LI><a href="#[97]">&gt;&gt;</a>&nbsp;&nbsp;&nbsp;USART_Init
<LI><a href="#[96]">&gt;&gt;</a>&nbsp;&nbsp;&nbsp;USART_ITConfig
<LI><a href="#[99]">&gt;&gt;</a>&nbsp;&nbsp;&nbsp;USART_Cmd
<LI><a href="#[41]">&gt;&gt;</a>&nbsp;&nbsp;&nbsp;RCC_APB2PeriphClockCmd
<LI><a href="#[4d]">&gt;&gt;</a>&nbsp;&nbsp;&nbsp;NVIC_PriorityGroupConfig
<LI><a href="#[4e]">&gt;&gt;</a>&nbsp;&nbsp;&nbsp;NVIC_Init
<LI><a href="#[45]">&gt;&gt;</a>&nbsp;&nbsp;&nbsp;pinMode
<LI><a href="#[3c]">&gt;&gt;</a>&nbsp;&nbsp;&nbsp;__aeabi_memclr
</UL>
<BR>[Called By]<UL><LI><a href="#[40]">&gt;&gt;</a>&nbsp;&nbsp;&nbsp;BoardInit
</UL>

<P><STRONG><a name="[9a]"></a>UsartPut</STRONG> (Thumb, 42 bytes, Stack size 8 bytes, bsp.o(i.UsartPut))
<BR><BR>[Stack]<UL><LI>Max Depth = 16 + In Cycle
<LI>Call Chain = UsartPut &rArr;  UsartPut (Cycle)
</UL>
<BR>[Calls]<UL><LI><a href="#[96]">&gt;&gt;</a>&nbsp;&nbsp;&nbsp;USART_ITConfig
<LI><a href="#[9a]">&gt;&gt;</a>&nbsp;&nbsp;&nbsp;UsartPut
<LI><a href="#[93]">&gt;&gt;</a>&nbsp;&nbsp;&nbsp;RingBuffer_Put
</UL>
<BR>[Called By]<UL><LI><a href="#[38]">&gt;&gt;</a>&nbsp;&nbsp;&nbsp;fputc
<LI><a href="#[9a]">&gt;&gt;</a>&nbsp;&nbsp;&nbsp;UsartPut
</UL>

<P><STRONG><a name="[9b]"></a>__0printf$6</STRONG> (Thumb, 22 bytes, Stack size 24 bytes, printf6.o(i.__0printf$6), UNUSED)
<BR><BR>[Calls]<UL><LI><a href="#[9c]">&gt;&gt;</a>&nbsp;&nbsp;&nbsp;_printf_core
</UL>

<P><STRONG><a name="[c6]"></a>__1printf$6</STRONG> (Thumb, 0 bytes, Stack size 24 bytes, printf6.o(i.__0printf$6), UNUSED)

<P><STRONG><a name="[58]"></a>__2printf</STRONG> (Thumb, 0 bytes, Stack size 24 bytes, printf6.o(i.__0printf$6))
<BR><BR>[Stack]<UL><LI>Max Depth = 24<LI>Call Chain = __2printf
</UL>
<BR>[Called By]<UL><LI><a href="#[82]">&gt;&gt;</a>&nbsp;&nbsp;&nbsp;PrintSlaveInfo
<LI><a href="#[83]">&gt;&gt;</a>&nbsp;&nbsp;&nbsp;MasterNodeStatusUpdate
<LI><a href="#[81]">&gt;&gt;</a>&nbsp;&nbsp;&nbsp;MasterNodeSleep
<LI><a href="#[80]">&gt;&gt;</a>&nbsp;&nbsp;&nbsp;MasterNodeBoot
<LI><a href="#[7c]">&gt;&gt;</a>&nbsp;&nbsp;&nbsp;MasterNodeAssociate
<LI><a href="#[77]">&gt;&gt;</a>&nbsp;&nbsp;&nbsp;EZMacPRO_SyncWordReceived
<LI><a href="#[63]">&gt;&gt;</a>&nbsp;&nbsp;&nbsp;EZMacPRO_StateWakeUpEntered
<LI><a href="#[76]">&gt;&gt;</a>&nbsp;&nbsp;&nbsp;EZMacPRO_StateTxEntered
<LI><a href="#[67]">&gt;&gt;</a>&nbsp;&nbsp;&nbsp;EZMacPRO_StateSleepEntered
<LI><a href="#[6f]">&gt;&gt;</a>&nbsp;&nbsp;&nbsp;EZMacPRO_StateRxEntered
<LI><a href="#[61]">&gt;&gt;</a>&nbsp;&nbsp;&nbsp;EZMacPRO_StateIdleEntered
<LI><a href="#[75]">&gt;&gt;</a>&nbsp;&nbsp;&nbsp;EZMacPRO_StateErrorEntered
<LI><a href="#[6b]">&gt;&gt;</a>&nbsp;&nbsp;&nbsp;EZMacPRO_PacketSent
<LI><a href="#[6a]">&gt;&gt;</a>&nbsp;&nbsp;&nbsp;EZMacPRO_PacketReceived
<LI><a href="#[69]">&gt;&gt;</a>&nbsp;&nbsp;&nbsp;EZMacPRO_PacketDiscarded
<LI><a href="#[56]">&gt;&gt;</a>&nbsp;&nbsp;&nbsp;EZMacPRO_LowBattery
<LI><a href="#[55]">&gt;&gt;</a>&nbsp;&nbsp;&nbsp;EZMacPRO_LFTimerExpired
<LI><a href="#[68]">&gt;&gt;</a>&nbsp;&nbsp;&nbsp;EZMacPRO_LBTTimeout
<LI><a href="#[5c]">&gt;&gt;</a>&nbsp;&nbsp;&nbsp;EZMacPRO_CRCError
<LI><a href="#[5a]">&gt;&gt;</a>&nbsp;&nbsp;&nbsp;EZMacPRO_AckTimeout
<LI><a href="#[57]">&gt;&gt;</a>&nbsp;&nbsp;&nbsp;EZMacPRO_AckSending
</UL>

<P><STRONG><a name="[9d]"></a>__0sprintf$6</STRONG> (Thumb, 34 bytes, Stack size 24 bytes, printf6.o(i.__0sprintf$6), UNUSED)
<BR><BR>[Calls]<UL><LI><a href="#[39]">&gt;&gt;</a>&nbsp;&nbsp;&nbsp;_sputc
<LI><a href="#[9c]">&gt;&gt;</a>&nbsp;&nbsp;&nbsp;_printf_core
</UL>

<P><STRONG><a name="[c7]"></a>__1sprintf$6</STRONG> (Thumb, 0 bytes, Stack size 24 bytes, printf6.o(i.__0sprintf$6), UNUSED)

<P><STRONG><a name="[86]"></a>__2sprintf</STRONG> (Thumb, 0 bytes, Stack size 24 bytes, printf6.o(i.__0sprintf$6))
<BR><BR>[Stack]<UL><LI>Max Depth = 24<LI>Call Chain = __2sprintf
</UL>
<BR>[Called By]<UL><LI><a href="#[82]">&gt;&gt;</a>&nbsp;&nbsp;&nbsp;PrintSlaveInfo
<LI><a href="#[84]">&gt;&gt;</a>&nbsp;&nbsp;&nbsp;SprintfSlaveNotAssoc
<LI><a href="#[85]">&gt;&gt;</a>&nbsp;&nbsp;&nbsp;SprintfSlaveInfo
</UL>

<P><STRONG><a name="[c8]"></a>__scatterload_copy</STRONG> (Thumb, 14 bytes, Stack size unknown bytes, handlers.o(i.__scatterload_copy), UNUSED)

<P><STRONG><a name="[c9]"></a>__scatterload_null</STRONG> (Thumb, 2 bytes, Stack size unknown bytes, handlers.o(i.__scatterload_null), UNUSED)

<P><STRONG><a name="[ca]"></a>__scatterload_zeroinit</STRONG> (Thumb, 14 bytes, Stack size unknown bytes, handlers.o(i.__scatterload_zeroinit), UNUSED)

<P><STRONG><a name="[a1]"></a>extIntBadAddrError</STRONG> (Thumb, 174 bytes, Stack size 8 bytes, ezmacpro_externalint.o(i.extIntBadAddrError))
<BR><BR>[Stack]<UL><LI>Max Depth = 16<LI>Call Chain = extIntBadAddrError &rArr; extIntSpiReadReg &rArr; spiWriteReadReg
</UL>
<BR>[Calls]<UL><LI><a href="#[50]">&gt;&gt;</a>&nbsp;&nbsp;&nbsp;extIntSpiReadReg
</UL>
<BR>[Called By]<UL><LI><a href="#[a8]">&gt;&gt;</a>&nbsp;&nbsp;&nbsp;extIntHeaderError
</UL>

<P><STRONG><a name="[54]"></a>extIntDisableInterrupts</STRONG> (Thumb, 44 bytes, Stack size 8 bytes, ezmacpro_externalint.o(i.extIntDisableInterrupts))
<BR><BR>[Stack]<UL><LI>Max Depth = 16<LI>Call Chain = extIntDisableInterrupts &rArr; extIntSpiWriteReg &rArr; spiWriteReadReg
</UL>
<BR>[Calls]<UL><LI><a href="#[a2]">&gt;&gt;</a>&nbsp;&nbsp;&nbsp;extIntSpiWriteReg
<LI><a href="#[a3]">&gt;&gt;</a>&nbsp;&nbsp;&nbsp;extIntSetEnable2
</UL>
<BR>[Called By]<UL><LI><a href="#[52]">&gt;&gt;</a>&nbsp;&nbsp;&nbsp;extIntWakeUp
<LI><a href="#[53]">&gt;&gt;</a>&nbsp;&nbsp;&nbsp;extIntRX_StateMachine
<LI><a href="#[a4]">&gt;&gt;</a>&nbsp;&nbsp;&nbsp;extIntGotoNextStateUsingSECR
<LI><a href="#[13]">&gt;&gt;</a>&nbsp;&nbsp;&nbsp;EXTI3_IRQHandler
</UL>

<P><STRONG><a name="[a4]"></a>extIntGotoNextStateUsingSECR</STRONG> (Thumb, 152 bytes, Stack size 16 bytes, ezmacpro_externalint.o(i.extIntGotoNextStateUsingSECR))
<BR><BR>[Stack]<UL><LI>Max Depth = 48<LI>Call Chain = extIntGotoNextStateUsingSECR &rArr; EZMacPRO_StateSleepEntered &rArr; __2printf
</UL>
<BR>[Calls]<UL><LI><a href="#[a7]">&gt;&gt;</a>&nbsp;&nbsp;&nbsp;extIntTimeout
<LI><a href="#[a2]">&gt;&gt;</a>&nbsp;&nbsp;&nbsp;extIntSpiWriteReg
<LI><a href="#[50]">&gt;&gt;</a>&nbsp;&nbsp;&nbsp;extIntSpiReadReg
<LI><a href="#[a5]">&gt;&gt;</a>&nbsp;&nbsp;&nbsp;extIntSetFunction1
<LI><a href="#[a3]">&gt;&gt;</a>&nbsp;&nbsp;&nbsp;extIntSetEnable2
<LI><a href="#[a6]">&gt;&gt;</a>&nbsp;&nbsp;&nbsp;extIntNextRX_Channel
<LI><a href="#[54]">&gt;&gt;</a>&nbsp;&nbsp;&nbsp;extIntDisableInterrupts
<LI><a href="#[67]">&gt;&gt;</a>&nbsp;&nbsp;&nbsp;EZMacPRO_StateSleepEntered
<LI><a href="#[61]">&gt;&gt;</a>&nbsp;&nbsp;&nbsp;EZMacPRO_StateIdleEntered
</UL>
<BR>[Called By]<UL><LI><a href="#[51]">&gt;&gt;</a>&nbsp;&nbsp;&nbsp;extIntTX_StateMachine
<LI><a href="#[53]">&gt;&gt;</a>&nbsp;&nbsp;&nbsp;extIntRX_StateMachine
</UL>

<P><STRONG><a name="[a8]"></a>extIntHeaderError</STRONG> (Thumb, 92 bytes, Stack size 8 bytes, ezmacpro_externalint.o(i.extIntHeaderError))
<BR><BR>[Stack]<UL><LI>Max Depth = 24<LI>Call Chain = extIntHeaderError &rArr; extIntBadAddrError &rArr; extIntSpiReadReg &rArr; spiWriteReadReg
</UL>
<BR>[Calls]<UL><LI><a href="#[50]">&gt;&gt;</a>&nbsp;&nbsp;&nbsp;extIntSpiReadReg
<LI><a href="#[a9]">&gt;&gt;</a>&nbsp;&nbsp;&nbsp;extIntIncrementError
<LI><a href="#[a1]">&gt;&gt;</a>&nbsp;&nbsp;&nbsp;extIntBadAddrError
</UL>
<BR>[Called By]<UL><LI><a href="#[53]">&gt;&gt;</a>&nbsp;&nbsp;&nbsp;extIntRX_StateMachine
</UL>

<P><STRONG><a name="[a9]"></a>extIntIncrementError</STRONG> (Thumb, 36 bytes, Stack size 0 bytes, ezmacpro_externalint.o(i.extIntIncrementError))
<BR><BR>[Called By]<UL><LI><a href="#[51]">&gt;&gt;</a>&nbsp;&nbsp;&nbsp;extIntTX_StateMachine
<LI><a href="#[53]">&gt;&gt;</a>&nbsp;&nbsp;&nbsp;extIntRX_StateMachine
<LI><a href="#[a8]">&gt;&gt;</a>&nbsp;&nbsp;&nbsp;extIntHeaderError
</UL>

<P><STRONG><a name="[a6]"></a>extIntNextRX_Channel</STRONG> (Thumb, 52 bytes, Stack size 16 bytes, ezmacpro_externalint.o(i.extIntNextRX_Channel))
<BR><BR>[Stack]<UL><LI>Max Depth = 24<LI>Call Chain = extIntNextRX_Channel &rArr; extIntSpiWriteReg &rArr; spiWriteReadReg
</UL>
<BR>[Calls]<UL><LI><a href="#[a2]">&gt;&gt;</a>&nbsp;&nbsp;&nbsp;extIntSpiWriteReg
</UL>
<BR>[Called By]<UL><LI><a href="#[53]">&gt;&gt;</a>&nbsp;&nbsp;&nbsp;extIntRX_StateMachine
<LI><a href="#[a4]">&gt;&gt;</a>&nbsp;&nbsp;&nbsp;extIntGotoNextStateUsingSECR
</UL>

<P><STRONG><a name="[53]"></a>extIntRX_StateMachine</STRONG> (Thumb, 1200 bytes, Stack size 40 bytes, ezmacpro_externalint.o(i.extIntRX_StateMachine))
<BR><BR>[Stack]<UL><LI>Max Depth = 100<LI>Call Chain = extIntRX_StateMachine &rArr; EZMacPRO_AckSending &rArr; EZMacPRO_Ack_Write &rArr; macSpiWriteReg &rArr; macSpiWriteReadReg &rArr; spiWriteReadReg
</UL>
<BR>[Calls]<UL><LI><a href="#[a7]">&gt;&gt;</a>&nbsp;&nbsp;&nbsp;extIntTimeout
<LI><a href="#[a2]">&gt;&gt;</a>&nbsp;&nbsp;&nbsp;extIntSpiWriteReg
<LI><a href="#[50]">&gt;&gt;</a>&nbsp;&nbsp;&nbsp;extIntSpiReadReg
<LI><a href="#[aa]">&gt;&gt;</a>&nbsp;&nbsp;&nbsp;extIntSpiReadFIFO
<LI><a href="#[a5]">&gt;&gt;</a>&nbsp;&nbsp;&nbsp;extIntSetFunction1
<LI><a href="#[a3]">&gt;&gt;</a>&nbsp;&nbsp;&nbsp;extIntSetEnable2
<LI><a href="#[a6]">&gt;&gt;</a>&nbsp;&nbsp;&nbsp;extIntNextRX_Channel
<LI><a href="#[a9]">&gt;&gt;</a>&nbsp;&nbsp;&nbsp;extIntIncrementError
<LI><a href="#[a8]">&gt;&gt;</a>&nbsp;&nbsp;&nbsp;extIntHeaderError
<LI><a href="#[a4]">&gt;&gt;</a>&nbsp;&nbsp;&nbsp;extIntGotoNextStateUsingSECR
<LI><a href="#[54]">&gt;&gt;</a>&nbsp;&nbsp;&nbsp;extIntDisableInterrupts
<LI><a href="#[77]">&gt;&gt;</a>&nbsp;&nbsp;&nbsp;EZMacPRO_SyncWordReceived
<LI><a href="#[75]">&gt;&gt;</a>&nbsp;&nbsp;&nbsp;EZMacPRO_StateErrorEntered
<LI><a href="#[6a]">&gt;&gt;</a>&nbsp;&nbsp;&nbsp;EZMacPRO_PacketReceived
<LI><a href="#[69]">&gt;&gt;</a>&nbsp;&nbsp;&nbsp;EZMacPRO_PacketDiscarded
<LI><a href="#[5c]">&gt;&gt;</a>&nbsp;&nbsp;&nbsp;EZMacPRO_CRCError
<LI><a href="#[57]">&gt;&gt;</a>&nbsp;&nbsp;&nbsp;EZMacPRO_AckSending
</UL>
<BR>[Called By]<UL><LI><a href="#[13]">&gt;&gt;</a>&nbsp;&nbsp;&nbsp;EXTI3_IRQHandler
</UL>

<P><STRONG><a name="[a3]"></a>extIntSetEnable2</STRONG> (Thumb, 36 bytes, Stack size 0 bytes, ezmacpro_externalint.o(i.extIntSetEnable2))
<BR><BR>[Stack]<UL><LI>Max Depth = 8<LI>Call Chain = extIntSetEnable2 &rArr; extIntSpiWriteReg &rArr; spiWriteReadReg
</UL>
<BR>[Calls]<UL><LI><a href="#[a2]">&gt;&gt;</a>&nbsp;&nbsp;&nbsp;extIntSpiWriteReg
</UL>
<BR>[Called By]<UL><LI><a href="#[52]">&gt;&gt;</a>&nbsp;&nbsp;&nbsp;extIntWakeUp
<LI><a href="#[51]">&gt;&gt;</a>&nbsp;&nbsp;&nbsp;extIntTX_StateMachine
<LI><a href="#[53]">&gt;&gt;</a>&nbsp;&nbsp;&nbsp;extIntRX_StateMachine
<LI><a href="#[a4]">&gt;&gt;</a>&nbsp;&nbsp;&nbsp;extIntGotoNextStateUsingSECR
<LI><a href="#[54]">&gt;&gt;</a>&nbsp;&nbsp;&nbsp;extIntDisableInterrupts
</UL>

<P><STRONG><a name="[a5]"></a>extIntSetFunction1</STRONG> (Thumb, 58 bytes, Stack size 0 bytes, ezmacpro_externalint.o(i.extIntSetFunction1))
<BR><BR>[Stack]<UL><LI>Max Depth = 8<LI>Call Chain = extIntSetFunction1 &rArr; extIntSpiWriteReg &rArr; spiWriteReadReg
</UL>
<BR>[Calls]<UL><LI><a href="#[a2]">&gt;&gt;</a>&nbsp;&nbsp;&nbsp;extIntSpiWriteReg
</UL>
<BR>[Called By]<UL><LI><a href="#[52]">&gt;&gt;</a>&nbsp;&nbsp;&nbsp;extIntWakeUp
<LI><a href="#[51]">&gt;&gt;</a>&nbsp;&nbsp;&nbsp;extIntTX_StateMachine
<LI><a href="#[53]">&gt;&gt;</a>&nbsp;&nbsp;&nbsp;extIntRX_StateMachine
<LI><a href="#[a4]">&gt;&gt;</a>&nbsp;&nbsp;&nbsp;extIntGotoNextStateUsingSECR
</UL>

<P><STRONG><a name="[aa]"></a>extIntSpiReadFIFO</STRONG> (Thumb, 78 bytes, Stack size 12 bytes, bsp.o(i.extIntSpiReadFIFO))
<BR><BR>[Stack]<UL><LI>Max Depth = 12<LI>Call Chain = extIntSpiReadFIFO
</UL>
<BR>[Called By]<UL><LI><a href="#[51]">&gt;&gt;</a>&nbsp;&nbsp;&nbsp;extIntTX_StateMachine
<LI><a href="#[53]">&gt;&gt;</a>&nbsp;&nbsp;&nbsp;extIntRX_StateMachine
</UL>

<P><STRONG><a name="[6e]"></a>SpiReadReg</STRONG> (Thumb, 0 bytes, Stack size 0 bytes, bsp.o(i.extIntSpiReadReg))
<BR><BR>[Called By]<UL><LI><a href="#[78]">&gt;&gt;</a>&nbsp;&nbsp;&nbsp;EZMacPRO_Transmit
<LI><a href="#[6c]">&gt;&gt;</a>&nbsp;&nbsp;&nbsp;EZMacPRO_Receive
</UL>

<P><STRONG><a name="[50]"></a>extIntSpiReadReg</STRONG> (Thumb, 6 bytes, Stack size 0 bytes, bsp.o(i.extIntSpiReadReg))
<BR><BR>[Stack]<UL><LI>Max Depth = 8<LI>Call Chain = extIntSpiReadReg &rArr; spiWriteReadReg
</UL>
<BR>[Calls]<UL><LI><a href="#[ab]">&gt;&gt;</a>&nbsp;&nbsp;&nbsp;spiWriteReadReg
</UL>
<BR>[Called By]<UL><LI><a href="#[51]">&gt;&gt;</a>&nbsp;&nbsp;&nbsp;extIntTX_StateMachine
<LI><a href="#[53]">&gt;&gt;</a>&nbsp;&nbsp;&nbsp;extIntRX_StateMachine
<LI><a href="#[a8]">&gt;&gt;</a>&nbsp;&nbsp;&nbsp;extIntHeaderError
<LI><a href="#[a4]">&gt;&gt;</a>&nbsp;&nbsp;&nbsp;extIntGotoNextStateUsingSECR
<LI><a href="#[a1]">&gt;&gt;</a>&nbsp;&nbsp;&nbsp;extIntBadAddrError
<LI><a href="#[13]">&gt;&gt;</a>&nbsp;&nbsp;&nbsp;EXTI3_IRQHandler
</UL>

<P><STRONG><a name="[b5]"></a>timerIntSpiReadReg</STRONG> (Thumb, 0 bytes, Stack size 0 bytes, bsp.o(i.extIntSpiReadReg))
<BR><BR>[Called By]<UL><LI><a href="#[89]">&gt;&gt;</a>&nbsp;&nbsp;&nbsp;timerIntTX_StateMachine
<LI><a href="#[8b]">&gt;&gt;</a>&nbsp;&nbsp;&nbsp;timerIntRX_StateMachine
<LI><a href="#[b3]">&gt;&gt;</a>&nbsp;&nbsp;&nbsp;timerIntGotoNextStateUsingSECR
</UL>

<P><STRONG><a name="[6d]"></a>SpiWriteReg</STRONG> (Thumb, 0 bytes, Stack size 0 bytes, bsp.o(i.extIntSpiWriteReg))
<BR><BR>[Called By]<UL><LI><a href="#[78]">&gt;&gt;</a>&nbsp;&nbsp;&nbsp;EZMacPRO_Transmit
<LI><a href="#[6c]">&gt;&gt;</a>&nbsp;&nbsp;&nbsp;EZMacPRO_Receive
</UL>

<P><STRONG><a name="[a2]"></a>extIntSpiWriteReg</STRONG> (Thumb, 8 bytes, Stack size 0 bytes, bsp.o(i.extIntSpiWriteReg))
<BR><BR>[Stack]<UL><LI>Max Depth = 8<LI>Call Chain = extIntSpiWriteReg &rArr; spiWriteReadReg
</UL>
<BR>[Calls]<UL><LI><a href="#[ab]">&gt;&gt;</a>&nbsp;&nbsp;&nbsp;spiWriteReadReg
</UL>
<BR>[Called By]<UL><LI><a href="#[52]">&gt;&gt;</a>&nbsp;&nbsp;&nbsp;extIntWakeUp
<LI><a href="#[51]">&gt;&gt;</a>&nbsp;&nbsp;&nbsp;extIntTX_StateMachine
<LI><a href="#[a5]">&gt;&gt;</a>&nbsp;&nbsp;&nbsp;extIntSetFunction1
<LI><a href="#[a3]">&gt;&gt;</a>&nbsp;&nbsp;&nbsp;extIntSetEnable2
<LI><a href="#[53]">&gt;&gt;</a>&nbsp;&nbsp;&nbsp;extIntRX_StateMachine
<LI><a href="#[a6]">&gt;&gt;</a>&nbsp;&nbsp;&nbsp;extIntNextRX_Channel
<LI><a href="#[a4]">&gt;&gt;</a>&nbsp;&nbsp;&nbsp;extIntGotoNextStateUsingSECR
<LI><a href="#[54]">&gt;&gt;</a>&nbsp;&nbsp;&nbsp;extIntDisableInterrupts
</UL>

<P><STRONG><a name="[b1]"></a>timerIntSpiWriteReg</STRONG> (Thumb, 0 bytes, Stack size 0 bytes, bsp.o(i.extIntSpiWriteReg))
<BR><BR>[Called By]<UL><LI><a href="#[89]">&gt;&gt;</a>&nbsp;&nbsp;&nbsp;timerIntTX_StateMachine
<LI><a href="#[b4]">&gt;&gt;</a>&nbsp;&nbsp;&nbsp;timerIntSetFunction1
<LI><a href="#[b2]">&gt;&gt;</a>&nbsp;&nbsp;&nbsp;timerIntSetEnable2
<LI><a href="#[8b]">&gt;&gt;</a>&nbsp;&nbsp;&nbsp;timerIntRX_StateMachine
<LI><a href="#[b6]">&gt;&gt;</a>&nbsp;&nbsp;&nbsp;timerIntNextRX_Channel
<LI><a href="#[b3]">&gt;&gt;</a>&nbsp;&nbsp;&nbsp;timerIntGotoNextStateUsingSECR
<LI><a href="#[b0]">&gt;&gt;</a>&nbsp;&nbsp;&nbsp;timerIntDisableInterrupts
</UL>

<P><STRONG><a name="[51]"></a>extIntTX_StateMachine</STRONG> (Thumb, 524 bytes, Stack size 32 bytes, ezmacpro_externalint.o(i.extIntTX_StateMachine))
<BR><BR>[Stack]<UL><LI>Max Depth = 80<LI>Call Chain = extIntTX_StateMachine &rArr; extIntGotoNextStateUsingSECR &rArr; EZMacPRO_StateSleepEntered &rArr; __2printf
</UL>
<BR>[Calls]<UL><LI><a href="#[a7]">&gt;&gt;</a>&nbsp;&nbsp;&nbsp;extIntTimeout
<LI><a href="#[a2]">&gt;&gt;</a>&nbsp;&nbsp;&nbsp;extIntSpiWriteReg
<LI><a href="#[50]">&gt;&gt;</a>&nbsp;&nbsp;&nbsp;extIntSpiReadReg
<LI><a href="#[aa]">&gt;&gt;</a>&nbsp;&nbsp;&nbsp;extIntSpiReadFIFO
<LI><a href="#[a5]">&gt;&gt;</a>&nbsp;&nbsp;&nbsp;extIntSetFunction1
<LI><a href="#[a3]">&gt;&gt;</a>&nbsp;&nbsp;&nbsp;extIntSetEnable2
<LI><a href="#[a9]">&gt;&gt;</a>&nbsp;&nbsp;&nbsp;extIntIncrementError
<LI><a href="#[a4]">&gt;&gt;</a>&nbsp;&nbsp;&nbsp;extIntGotoNextStateUsingSECR
<LI><a href="#[6b]">&gt;&gt;</a>&nbsp;&nbsp;&nbsp;EZMacPRO_PacketSent
</UL>
<BR>[Called By]<UL><LI><a href="#[13]">&gt;&gt;</a>&nbsp;&nbsp;&nbsp;EXTI3_IRQHandler
</UL>

<P><STRONG><a name="[a7]"></a>extIntTimeout</STRONG> (Thumb, 70 bytes, Stack size 12 bytes, bsp.o(i.extIntTimeout))
<BR><BR>[Stack]<UL><LI>Max Depth = 12<LI>Call Chain = extIntTimeout
</UL>
<BR>[Called By]<UL><LI><a href="#[52]">&gt;&gt;</a>&nbsp;&nbsp;&nbsp;extIntWakeUp
<LI><a href="#[51]">&gt;&gt;</a>&nbsp;&nbsp;&nbsp;extIntTX_StateMachine
<LI><a href="#[53]">&gt;&gt;</a>&nbsp;&nbsp;&nbsp;extIntRX_StateMachine
<LI><a href="#[a4]">&gt;&gt;</a>&nbsp;&nbsp;&nbsp;extIntGotoNextStateUsingSECR
<LI><a href="#[64]">&gt;&gt;</a>&nbsp;&nbsp;&nbsp;macTimeout
</UL>

<P><STRONG><a name="[b7]"></a>timerIntTimeout</STRONG> (Thumb, 0 bytes, Stack size 12 bytes, bsp.o(i.extIntTimeout))
<BR><BR>[Stack]<UL><LI>Max Depth = 12<LI>Call Chain = timerIntTimeout
</UL>
<BR>[Called By]<UL><LI><a href="#[89]">&gt;&gt;</a>&nbsp;&nbsp;&nbsp;timerIntTX_StateMachine
<LI><a href="#[8b]">&gt;&gt;</a>&nbsp;&nbsp;&nbsp;timerIntRX_StateMachine
<LI><a href="#[b3]">&gt;&gt;</a>&nbsp;&nbsp;&nbsp;timerIntGotoNextStateUsingSECR
</UL>

<P><STRONG><a name="[52]"></a>extIntWakeUp</STRONG> (Thumb, 88 bytes, Stack size 8 bytes, ezmacpro_externalint.o(i.extIntWakeUp))
<BR><BR>[Stack]<UL><LI>Max Depth = 40<LI>Call Chain = extIntWakeUp &rArr; EZMacPRO_StateIdleEntered &rArr; __2printf
</UL>
<BR>[Calls]<UL><LI><a href="#[a7]">&gt;&gt;</a>&nbsp;&nbsp;&nbsp;extIntTimeout
<LI><a href="#[a2]">&gt;&gt;</a>&nbsp;&nbsp;&nbsp;extIntSpiWriteReg
<LI><a href="#[a5]">&gt;&gt;</a>&nbsp;&nbsp;&nbsp;extIntSetFunction1
<LI><a href="#[a3]">&gt;&gt;</a>&nbsp;&nbsp;&nbsp;extIntSetEnable2
<LI><a href="#[54]">&gt;&gt;</a>&nbsp;&nbsp;&nbsp;extIntDisableInterrupts
<LI><a href="#[61]">&gt;&gt;</a>&nbsp;&nbsp;&nbsp;EZMacPRO_StateIdleEntered
<LI><a href="#[75]">&gt;&gt;</a>&nbsp;&nbsp;&nbsp;EZMacPRO_StateErrorEntered
</UL>
<BR>[Called By]<UL><LI><a href="#[13]">&gt;&gt;</a>&nbsp;&nbsp;&nbsp;EXTI3_IRQHandler
</UL>

<P><STRONG><a name="[38]"></a>fputc</STRONG> (Thumb, 14 bytes, Stack size 8 bytes, bsp.o(i.fputc))
<BR><BR>[Stack]<UL><LI>Max Depth = 24<LI>Call Chain = fputc &rArr; UsartPut &rArr;  UsartPut (Cycle)
</UL>
<BR>[Calls]<UL><LI><a href="#[9a]">&gt;&gt;</a>&nbsp;&nbsp;&nbsp;UsartPut
</UL>
<BR>[Address Reference Count : 1]<UL><LI> printf6.o(i.__0printf$6)
</UL>
<P><STRONG><a name="[5e]"></a>macSetEnable2</STRONG> (Thumb, 36 bytes, Stack size 0 bytes, ezmacpro.o(i.macSetEnable2))
<BR><BR>[Stack]<UL><LI>Max Depth = 28<LI>Call Chain = macSetEnable2 &rArr; macSpiWriteReg &rArr; macSpiWriteReadReg &rArr; spiWriteReadReg
</UL>
<BR>[Calls]<UL><LI><a href="#[5b]">&gt;&gt;</a>&nbsp;&nbsp;&nbsp;macSpiWriteReg
</UL>
<BR>[Called By]<UL><LI><a href="#[7b]">&gt;&gt;</a>&nbsp;&nbsp;&nbsp;EZMacPRO_Wake_Up
<LI><a href="#[78]">&gt;&gt;</a>&nbsp;&nbsp;&nbsp;EZMacPRO_Transmit
<LI><a href="#[74]">&gt;&gt;</a>&nbsp;&nbsp;&nbsp;EZMacPRO_Sleep
<LI><a href="#[6c]">&gt;&gt;</a>&nbsp;&nbsp;&nbsp;EZMacPRO_Receive
<LI><a href="#[5d]">&gt;&gt;</a>&nbsp;&nbsp;&nbsp;EZMacPRO_Idle
</UL>

<P><STRONG><a name="[60]"></a>macSetFunction1</STRONG> (Thumb, 48 bytes, Stack size 0 bytes, ezmacpro.o(i.macSetFunction1))
<BR><BR>[Stack]<UL><LI>Max Depth = 28<LI>Call Chain = macSetFunction1 &rArr; macSpiWriteReg &rArr; macSpiWriteReadReg &rArr; spiWriteReadReg
</UL>
<BR>[Calls]<UL><LI><a href="#[5b]">&gt;&gt;</a>&nbsp;&nbsp;&nbsp;macSpiWriteReg
</UL>
<BR>[Called By]<UL><LI><a href="#[7b]">&gt;&gt;</a>&nbsp;&nbsp;&nbsp;EZMacPRO_Wake_Up
<LI><a href="#[78]">&gt;&gt;</a>&nbsp;&nbsp;&nbsp;EZMacPRO_Transmit
<LI><a href="#[74]">&gt;&gt;</a>&nbsp;&nbsp;&nbsp;EZMacPRO_Sleep
<LI><a href="#[6c]">&gt;&gt;</a>&nbsp;&nbsp;&nbsp;EZMacPRO_Receive
<LI><a href="#[5d]">&gt;&gt;</a>&nbsp;&nbsp;&nbsp;EZMacPRO_Idle
</UL>

<P><STRONG><a name="[66]"></a>macSpecialRegisterSettings</STRONG> (Thumb, 22 bytes, Stack size 8 bytes, ezmacpro.o(i.macSpecialRegisterSettings))
<BR><BR>[Stack]<UL><LI>Max Depth = 36<LI>Call Chain = macSpecialRegisterSettings &rArr; macSpiWriteReg &rArr; macSpiWriteReadReg &rArr; spiWriteReadReg
</UL>
<BR>[Calls]<UL><LI><a href="#[5b]">&gt;&gt;</a>&nbsp;&nbsp;&nbsp;macSpiWriteReg
</UL>
<BR>[Called By]<UL><LI><a href="#[62]">&gt;&gt;</a>&nbsp;&nbsp;&nbsp;EZMacPRO_Init
</UL>

<P><STRONG><a name="[5f]"></a>macSpiReadReg</STRONG> (Thumb, 6 bytes, Stack size 0 bytes, bsp.o(i.macSpiReadReg))
<BR><BR>[Stack]<UL><LI>Max Depth = 28<LI>Call Chain = macSpiReadReg &rArr; macSpiWriteReadReg &rArr; spiWriteReadReg
</UL>
<BR>[Calls]<UL><LI><a href="#[ac]">&gt;&gt;</a>&nbsp;&nbsp;&nbsp;macSpiWriteReadReg
</UL>
<BR>[Called By]<UL><LI><a href="#[7b]">&gt;&gt;</a>&nbsp;&nbsp;&nbsp;EZMacPRO_Wake_Up
<LI><a href="#[79]">&gt;&gt;</a>&nbsp;&nbsp;&nbsp;EZMacPRO_TxBuf_Write
<LI><a href="#[71]">&gt;&gt;</a>&nbsp;&nbsp;&nbsp;EZMacPRO_Reg_Write
<LI><a href="#[70]">&gt;&gt;</a>&nbsp;&nbsp;&nbsp;EZMacPRO_Reg_Read
<LI><a href="#[62]">&gt;&gt;</a>&nbsp;&nbsp;&nbsp;EZMacPRO_Init
<LI><a href="#[5d]">&gt;&gt;</a>&nbsp;&nbsp;&nbsp;EZMacPRO_Idle
</UL>

<P><STRONG><a name="[7a]"></a>macSpiWriteFIFO</STRONG> (Thumb, 140 bytes, Stack size 20 bytes, bsp.o(i.macSpiWriteFIFO))
<BR><BR>[Stack]<UL><LI>Max Depth = 20<LI>Call Chain = macSpiWriteFIFO
</UL>
<BR>[Called By]<UL><LI><a href="#[79]">&gt;&gt;</a>&nbsp;&nbsp;&nbsp;EZMacPRO_TxBuf_Write
</UL>

<P><STRONG><a name="[ac]"></a>macSpiWriteReadReg</STRONG> (Thumb, 84 bytes, Stack size 20 bytes, bsp.o(i.macSpiWriteReadReg))
<BR><BR>[Stack]<UL><LI>Max Depth = 28<LI>Call Chain = macSpiWriteReadReg &rArr; spiWriteReadReg
</UL>
<BR>[Calls]<UL><LI><a href="#[ab]">&gt;&gt;</a>&nbsp;&nbsp;&nbsp;spiWriteReadReg
</UL>
<BR>[Called By]<UL><LI><a href="#[5b]">&gt;&gt;</a>&nbsp;&nbsp;&nbsp;macSpiWriteReg
<LI><a href="#[5f]">&gt;&gt;</a>&nbsp;&nbsp;&nbsp;macSpiReadReg
</UL>

<P><STRONG><a name="[5b]"></a>macSpiWriteReg</STRONG> (Thumb, 8 bytes, Stack size 0 bytes, bsp.o(i.macSpiWriteReg))
<BR><BR>[Stack]<UL><LI>Max Depth = 28<LI>Call Chain = macSpiWriteReg &rArr; macSpiWriteReadReg &rArr; spiWriteReadReg
</UL>
<BR>[Calls]<UL><LI><a href="#[ac]">&gt;&gt;</a>&nbsp;&nbsp;&nbsp;macSpiWriteReadReg
</UL>
<BR>[Called By]<UL><LI><a href="#[66]">&gt;&gt;</a>&nbsp;&nbsp;&nbsp;macSpecialRegisterSettings
<LI><a href="#[60]">&gt;&gt;</a>&nbsp;&nbsp;&nbsp;macSetFunction1
<LI><a href="#[5e]">&gt;&gt;</a>&nbsp;&nbsp;&nbsp;macSetEnable2
<LI><a href="#[65]">&gt;&gt;</a>&nbsp;&nbsp;&nbsp;SetRfParameters
<LI><a href="#[7b]">&gt;&gt;</a>&nbsp;&nbsp;&nbsp;EZMacPRO_Wake_Up
<LI><a href="#[79]">&gt;&gt;</a>&nbsp;&nbsp;&nbsp;EZMacPRO_TxBuf_Write
<LI><a href="#[74]">&gt;&gt;</a>&nbsp;&nbsp;&nbsp;EZMacPRO_Sleep
<LI><a href="#[71]">&gt;&gt;</a>&nbsp;&nbsp;&nbsp;EZMacPRO_Reg_Write
<LI><a href="#[62]">&gt;&gt;</a>&nbsp;&nbsp;&nbsp;EZMacPRO_Init
<LI><a href="#[5d]">&gt;&gt;</a>&nbsp;&nbsp;&nbsp;EZMacPRO_Idle
<LI><a href="#[59]">&gt;&gt;</a>&nbsp;&nbsp;&nbsp;EZMacPRO_Ack_Write
</UL>

<P><STRONG><a name="[64]"></a>macTimeout</STRONG> (Thumb, 68 bytes, Stack size 12 bytes, bsp.o(i.macTimeout))
<BR><BR>[Stack]<UL><LI>Max Depth = 24<LI>Call Chain = macTimeout &rArr; extIntTimeout
</UL>
<BR>[Calls]<UL><LI><a href="#[a7]">&gt;&gt;</a>&nbsp;&nbsp;&nbsp;extIntTimeout
</UL>
<BR>[Called By]<UL><LI><a href="#[7b]">&gt;&gt;</a>&nbsp;&nbsp;&nbsp;EZMacPRO_Wake_Up
<LI><a href="#[78]">&gt;&gt;</a>&nbsp;&nbsp;&nbsp;EZMacPRO_Transmit
<LI><a href="#[6c]">&gt;&gt;</a>&nbsp;&nbsp;&nbsp;EZMacPRO_Receive
<LI><a href="#[62]">&gt;&gt;</a>&nbsp;&nbsp;&nbsp;EZMacPRO_Init
</UL>

<P><STRONG><a name="[72]"></a>macUpdateDynamicTimeouts</STRONG> (Thumb, 138 bytes, Stack size 16 bytes, ezmacpro.o(i.macUpdateDynamicTimeouts))
<BR><BR>[Stack]<UL><LI>Max Depth = 16<LI>Call Chain = macUpdateDynamicTimeouts
</UL>
<BR>[Called By]<UL><LI><a href="#[71]">&gt;&gt;</a>&nbsp;&nbsp;&nbsp;EZMacPRO_Reg_Write
</UL>

<P><STRONG><a name="[73]"></a>macUpdateLBTI</STRONG> (Thumb, 42 bytes, Stack size 0 bytes, ezmacpro.o(i.macUpdateLBTI))
<BR><BR>[Called By]<UL><LI><a href="#[71]">&gt;&gt;</a>&nbsp;&nbsp;&nbsp;EZMacPRO_Reg_Write
</UL>

<P><STRONG><a name="[35]"></a>main</STRONG> (Thumb, 10 bytes, Stack size 0 bytes, main.o(i.main))
<BR><BR>[Stack]<UL><LI>Max Depth = 128<LI>Call Chain = main &rArr; StateMachine &rArr; BoardInit &rArr; Uart0Init &rArr; USART_Init &rArr; RCC_GetClocksFreq
</UL>
<BR>[Calls]<UL><LI><a href="#[ad]">&gt;&gt;</a>&nbsp;&nbsp;&nbsp;StateMachine_Init
<LI><a href="#[87]">&gt;&gt;</a>&nbsp;&nbsp;&nbsp;StateMachine
</UL>
<BR>[Address Reference Count : 1]<UL><LI> entry9a.o(.ARM.Collect$$$$0000000B)
</UL>
<P><STRONG><a name="[47]"></a>pinHigh</STRONG> (Thumb, 24 bytes, Stack size 0 bytes, bsp.o(i.pinHigh))
<BR><BR>[Calls]<UL><LI><a href="#[ae]">&gt;&gt;</a>&nbsp;&nbsp;&nbsp;GPIO_SetBits
</UL>
<BR>[Called By]<UL><LI><a href="#[40]">&gt;&gt;</a>&nbsp;&nbsp;&nbsp;BoardInit
<LI><a href="#[83]">&gt;&gt;</a>&nbsp;&nbsp;&nbsp;MasterNodeStatusUpdate
<LI><a href="#[7c]">&gt;&gt;</a>&nbsp;&nbsp;&nbsp;MasterNodeAssociate
</UL>

<P><STRONG><a name="[44]"></a>pinLow</STRONG> (Thumb, 24 bytes, Stack size 0 bytes, bsp.o(i.pinLow))
<BR><BR>[Calls]<UL><LI><a href="#[af]">&gt;&gt;</a>&nbsp;&nbsp;&nbsp;GPIO_ResetBits
</UL>
<BR>[Called By]<UL><LI><a href="#[40]">&gt;&gt;</a>&nbsp;&nbsp;&nbsp;BoardInit
<LI><a href="#[83]">&gt;&gt;</a>&nbsp;&nbsp;&nbsp;MasterNodeStatusUpdate
<LI><a href="#[81]">&gt;&gt;</a>&nbsp;&nbsp;&nbsp;MasterNodeSleep
</UL>

<P><STRONG><a name="[45]"></a>pinMode</STRONG> (Thumb, 74 bytes, Stack size 12 bytes, bsp.o(i.pinMode))
<BR><BR>[Stack]<UL><LI>Max Depth = 12<LI>Call Chain = pinMode
</UL>
<BR>[Called By]<UL><LI><a href="#[40]">&gt;&gt;</a>&nbsp;&nbsp;&nbsp;BoardInit
<LI><a href="#[4f]">&gt;&gt;</a>&nbsp;&nbsp;&nbsp;Uart0Init
</UL>

<P><STRONG><a name="[ab]"></a>spiWriteReadReg</STRONG> (Thumb, 60 bytes, Stack size 8 bytes, bsp.o(i.spiWriteReadReg))
<BR><BR>[Stack]<UL><LI>Max Depth = 8<LI>Call Chain = spiWriteReadReg
</UL>
<BR>[Called By]<UL><LI><a href="#[a2]">&gt;&gt;</a>&nbsp;&nbsp;&nbsp;extIntSpiWriteReg
<LI><a href="#[50]">&gt;&gt;</a>&nbsp;&nbsp;&nbsp;extIntSpiReadReg
<LI><a href="#[ac]">&gt;&gt;</a>&nbsp;&nbsp;&nbsp;macSpiWriteReadReg
</UL>

<P><STRONG><a name="[b0]"></a>timerIntDisableInterrupts</STRONG> (Thumb, 44 bytes, Stack size 8 bytes, ezmacpro_timerint.o(i.timerIntDisableInterrupts))
<BR><BR>[Stack]<UL><LI>Max Depth = 8<LI>Call Chain = timerIntDisableInterrupts
</UL>
<BR>[Calls]<UL><LI><a href="#[b1]">&gt;&gt;</a>&nbsp;&nbsp;&nbsp;timerIntSpiWriteReg
<LI><a href="#[b2]">&gt;&gt;</a>&nbsp;&nbsp;&nbsp;timerIntSetEnable2
</UL>
<BR>[Called By]<UL><LI><a href="#[b3]">&gt;&gt;</a>&nbsp;&nbsp;&nbsp;timerIntGotoNextStateUsingSECR
</UL>

<P><STRONG><a name="[b3]"></a>timerIntGotoNextStateUsingSECR</STRONG> (Thumb, 152 bytes, Stack size 16 bytes, ezmacpro_timerint.o(i.timerIntGotoNextStateUsingSECR))
<BR><BR>[Stack]<UL><LI>Max Depth = 48<LI>Call Chain = timerIntGotoNextStateUsingSECR &rArr; EZMacPRO_StateSleepEntered &rArr; __2printf
</UL>
<BR>[Calls]<UL><LI><a href="#[b7]">&gt;&gt;</a>&nbsp;&nbsp;&nbsp;timerIntTimeout
<LI><a href="#[b1]">&gt;&gt;</a>&nbsp;&nbsp;&nbsp;timerIntSpiWriteReg
<LI><a href="#[b5]">&gt;&gt;</a>&nbsp;&nbsp;&nbsp;timerIntSpiReadReg
<LI><a href="#[b4]">&gt;&gt;</a>&nbsp;&nbsp;&nbsp;timerIntSetFunction1
<LI><a href="#[b2]">&gt;&gt;</a>&nbsp;&nbsp;&nbsp;timerIntSetEnable2
<LI><a href="#[b6]">&gt;&gt;</a>&nbsp;&nbsp;&nbsp;timerIntNextRX_Channel
<LI><a href="#[b0]">&gt;&gt;</a>&nbsp;&nbsp;&nbsp;timerIntDisableInterrupts
<LI><a href="#[67]">&gt;&gt;</a>&nbsp;&nbsp;&nbsp;EZMacPRO_StateSleepEntered
<LI><a href="#[61]">&gt;&gt;</a>&nbsp;&nbsp;&nbsp;EZMacPRO_StateIdleEntered
</UL>
<BR>[Called By]<UL><LI><a href="#[89]">&gt;&gt;</a>&nbsp;&nbsp;&nbsp;timerIntTX_StateMachine
</UL>

<P><STRONG><a name="[b9]"></a>timerIntIncrementError</STRONG> (Thumb, 36 bytes, Stack size 0 bytes, ezmacpro_timerint.o(i.timerIntIncrementError))
<BR><BR>[Called By]<UL><LI><a href="#[89]">&gt;&gt;</a>&nbsp;&nbsp;&nbsp;timerIntTX_StateMachine
</UL>

<P><STRONG><a name="[b6]"></a>timerIntNextRX_Channel</STRONG> (Thumb, 64 bytes, Stack size 16 bytes, ezmacpro_timerint.o(i.timerIntNextRX_Channel))
<BR><BR>[Stack]<UL><LI>Max Depth = 16<LI>Call Chain = timerIntNextRX_Channel
</UL>
<BR>[Calls]<UL><LI><a href="#[b1]">&gt;&gt;</a>&nbsp;&nbsp;&nbsp;timerIntSpiWriteReg
<LI><a href="#[b4]">&gt;&gt;</a>&nbsp;&nbsp;&nbsp;timerIntSetFunction1
</UL>
<BR>[Called By]<UL><LI><a href="#[8b]">&gt;&gt;</a>&nbsp;&nbsp;&nbsp;timerIntRX_StateMachine
<LI><a href="#[b3]">&gt;&gt;</a>&nbsp;&nbsp;&nbsp;timerIntGotoNextStateUsingSECR
</UL>

<P><STRONG><a name="[8b]"></a>timerIntRX_StateMachine</STRONG> (Thumb, 246 bytes, Stack size 24 bytes, ezmacpro_timerint.o(i.timerIntRX_StateMachine))
<BR><BR>[Stack]<UL><LI>Max Depth = 56<LI>Call Chain = timerIntRX_StateMachine &rArr; EZMacPRO_StateErrorEntered &rArr; __2printf
</UL>
<BR>[Calls]<UL><LI><a href="#[b7]">&gt;&gt;</a>&nbsp;&nbsp;&nbsp;timerIntTimeout
<LI><a href="#[b1]">&gt;&gt;</a>&nbsp;&nbsp;&nbsp;timerIntSpiWriteReg
<LI><a href="#[b5]">&gt;&gt;</a>&nbsp;&nbsp;&nbsp;timerIntSpiReadReg
<LI><a href="#[b4]">&gt;&gt;</a>&nbsp;&nbsp;&nbsp;timerIntSetFunction1
<LI><a href="#[b2]">&gt;&gt;</a>&nbsp;&nbsp;&nbsp;timerIntSetEnable2
<LI><a href="#[b6]">&gt;&gt;</a>&nbsp;&nbsp;&nbsp;timerIntNextRX_Channel
<LI><a href="#[75]">&gt;&gt;</a>&nbsp;&nbsp;&nbsp;EZMacPRO_StateErrorEntered
</UL>
<BR>[Called By]<UL><LI><a href="#[27]">&gt;&gt;</a>&nbsp;&nbsp;&nbsp;TIM3_IRQHandler
</UL>

<P><STRONG><a name="[b8]"></a>timerIntRandom</STRONG> (Thumb, 28 bytes, Stack size 0 bytes, ezmacpro_timerint.o(i.timerIntRandom))
<BR><BR>[Called By]<UL><LI><a href="#[89]">&gt;&gt;</a>&nbsp;&nbsp;&nbsp;timerIntTX_StateMachine
</UL>

<P><STRONG><a name="[b2]"></a>timerIntSetEnable2</STRONG> (Thumb, 36 bytes, Stack size 0 bytes, ezmacpro_timerint.o(i.timerIntSetEnable2))
<BR><BR>[Calls]<UL><LI><a href="#[b1]">&gt;&gt;</a>&nbsp;&nbsp;&nbsp;timerIntSpiWriteReg
</UL>
<BR>[Called By]<UL><LI><a href="#[89]">&gt;&gt;</a>&nbsp;&nbsp;&nbsp;timerIntTX_StateMachine
<LI><a href="#[8b]">&gt;&gt;</a>&nbsp;&nbsp;&nbsp;timerIntRX_StateMachine
<LI><a href="#[b3]">&gt;&gt;</a>&nbsp;&nbsp;&nbsp;timerIntGotoNextStateUsingSECR
<LI><a href="#[b0]">&gt;&gt;</a>&nbsp;&nbsp;&nbsp;timerIntDisableInterrupts
</UL>

<P><STRONG><a name="[b4]"></a>timerIntSetFunction1</STRONG> (Thumb, 58 bytes, Stack size 0 bytes, ezmacpro_timerint.o(i.timerIntSetFunction1))
<BR><BR>[Calls]<UL><LI><a href="#[b1]">&gt;&gt;</a>&nbsp;&nbsp;&nbsp;timerIntSpiWriteReg
</UL>
<BR>[Called By]<UL><LI><a href="#[89]">&gt;&gt;</a>&nbsp;&nbsp;&nbsp;timerIntTX_StateMachine
<LI><a href="#[8b]">&gt;&gt;</a>&nbsp;&nbsp;&nbsp;timerIntRX_StateMachine
<LI><a href="#[b6]">&gt;&gt;</a>&nbsp;&nbsp;&nbsp;timerIntNextRX_Channel
<LI><a href="#[b3]">&gt;&gt;</a>&nbsp;&nbsp;&nbsp;timerIntGotoNextStateUsingSECR
</UL>

<P><STRONG><a name="[89]"></a>timerIntTX_StateMachine</STRONG> (Thumb, 730 bytes, Stack size 40 bytes, ezmacpro_timerint.o(i.timerIntTX_StateMachine))
<BR><BR>[Stack]<UL><LI>Max Depth = 88<LI>Call Chain = timerIntTX_StateMachine &rArr; timerIntGotoNextStateUsingSECR &rArr; EZMacPRO_StateSleepEntered &rArr; __2printf
</UL>
<BR>[Calls]<UL><LI><a href="#[b7]">&gt;&gt;</a>&nbsp;&nbsp;&nbsp;timerIntTimeout
<LI><a href="#[b1]">&gt;&gt;</a>&nbsp;&nbsp;&nbsp;timerIntSpiWriteReg
<LI><a href="#[b5]">&gt;&gt;</a>&nbsp;&nbsp;&nbsp;timerIntSpiReadReg
<LI><a href="#[b4]">&gt;&gt;</a>&nbsp;&nbsp;&nbsp;timerIntSetFunction1
<LI><a href="#[b2]">&gt;&gt;</a>&nbsp;&nbsp;&nbsp;timerIntSetEnable2
<LI><a href="#[b8]">&gt;&gt;</a>&nbsp;&nbsp;&nbsp;timerIntRandom
<LI><a href="#[b9]">&gt;&gt;</a>&nbsp;&nbsp;&nbsp;timerIntIncrementError
<LI><a href="#[b3]">&gt;&gt;</a>&nbsp;&nbsp;&nbsp;timerIntGotoNextStateUsingSECR
<LI><a href="#[75]">&gt;&gt;</a>&nbsp;&nbsp;&nbsp;EZMacPRO_StateErrorEntered
<LI><a href="#[68]">&gt;&gt;</a>&nbsp;&nbsp;&nbsp;EZMacPRO_LBTTimeout
<LI><a href="#[5a]">&gt;&gt;</a>&nbsp;&nbsp;&nbsp;EZMacPRO_AckTimeout
</UL>
<BR>[Called By]<UL><LI><a href="#[27]">&gt;&gt;</a>&nbsp;&nbsp;&nbsp;TIM3_IRQHandler
</UL>

<P><STRONG><a name="[8a]"></a>timerIntWakeUp</STRONG> (Thumb, 52 bytes, Stack size 0 bytes, ezmacpro_timerint.o(i.timerIntWakeUp))
<BR><BR>[Stack]<UL><LI>Max Depth = 32<LI>Call Chain = timerIntWakeUp &rArr; EZMacPRO_StateErrorEntered &rArr; __2printf
</UL>
<BR>[Calls]<UL><LI><a href="#[75]">&gt;&gt;</a>&nbsp;&nbsp;&nbsp;EZMacPRO_StateErrorEntered
</UL>
<BR>[Called By]<UL><LI><a href="#[27]">&gt;&gt;</a>&nbsp;&nbsp;&nbsp;TIM3_IRQHandler
</UL>
<P>
<H3>
Local Symbols
</H3>
<P><STRONG><a name="[88]"></a>SetSysClock</STRONG> (Thumb, 4 bytes, Stack size 0 bytes, system_stm32f10x.o(i.SetSysClock))
<BR><BR>[Called By]<UL><LI><a href="#[36]">&gt;&gt;</a>&nbsp;&nbsp;&nbsp;SystemInit
</UL>

<P><STRONG><a name="[9c]"></a>_printf_core</STRONG> (Thumb, 750 bytes, Stack size 96 bytes, printf6.o(i._printf_core), UNUSED)
<BR><BR>[Calls]<UL><LI><a href="#[9f]">&gt;&gt;</a>&nbsp;&nbsp;&nbsp;__aeabi_uidivmod
<LI><a href="#[9e]">&gt;&gt;</a>&nbsp;&nbsp;&nbsp;_printf_pre_padding
<LI><a href="#[a0]">&gt;&gt;</a>&nbsp;&nbsp;&nbsp;_printf_post_padding
</UL>
<BR>[Called By]<UL><LI><a href="#[9d]">&gt;&gt;</a>&nbsp;&nbsp;&nbsp;__0sprintf$6
<LI><a href="#[9b]">&gt;&gt;</a>&nbsp;&nbsp;&nbsp;__0printf$6
</UL>

<P><STRONG><a name="[a0]"></a>_printf_post_padding</STRONG> (Thumb, 38 bytes, Stack size 24 bytes, printf6.o(i._printf_post_padding), UNUSED)
<BR><BR>[Called By]<UL><LI><a href="#[9c]">&gt;&gt;</a>&nbsp;&nbsp;&nbsp;_printf_core
</UL>

<P><STRONG><a name="[9e]"></a>_printf_pre_padding</STRONG> (Thumb, 48 bytes, Stack size 24 bytes, printf6.o(i._printf_pre_padding), UNUSED)
<BR><BR>[Called By]<UL><LI><a href="#[9c]">&gt;&gt;</a>&nbsp;&nbsp;&nbsp;_printf_core
</UL>

<P><STRONG><a name="[39]"></a>_sputc</STRONG> (Thumb, 10 bytes, Stack size 0 bytes, printf6.o(i._sputc))
<BR><BR>[Called By]<UL><LI><a href="#[9d]">&gt;&gt;</a>&nbsp;&nbsp;&nbsp;__0sprintf$6
</UL>
<BR>[Address Reference Count : 1]<UL><LI> printf6.o(i.__0sprintf$6)
</UL><P>
<H3>
Undefined Global Symbols
</H3><HR></body></html>
